Archive member included to satisfy reference by file (symbol)

D:/STM32CubeIDE_2.0.0/STM32CubeIDE/plugins/com.st.stm32cube.ide.mcu.externaltools.gnu-tools-for-stm32.13.3.rel1.win32_1.0.100.202509120712/tools/bin/../lib/gcc/arm-none-eabi/13.3.1/../../../../arm-none-eabi/lib/thumb/v7e-m+fp/hard\libc_nano.a(libc_a-exit.o)
                              D:/STM32CubeIDE_2.0.0/STM32CubeIDE/plugins/com.st.stm32cube.ide.mcu.externaltools.gnu-tools-for-stm32.13.3.rel1.win32_1.0.100.202509120712/tools/bin/../lib/gcc/arm-none-eabi/13.3.1/../../../../arm-none-eabi/lib/thumb/v7e-m+fp/hard/crt0.o (exit)
D:/STM32CubeIDE_2.0.0/STM32CubeIDE/plugins/com.st.stm32cube.ide.mcu.externaltools.gnu-tools-for-stm32.13.3.rel1.win32_1.0.100.202509120712/tools/bin/../lib/gcc/arm-none-eabi/13.3.1/../../../../arm-none-eabi/lib/thumb/v7e-m+fp/hard\libc_nano.a(libc_a-nano-vfprintf_float.o)
                              (_printf_float)
D:/STM32CubeIDE_2.0.0/STM32CubeIDE/plugins/com.st.stm32cube.ide.mcu.externaltools.gnu-tools-for-stm32.13.3.rel1.win32_1.0.100.202509120712/tools/bin/../lib/gcc/arm-none-eabi/13.3.1/../../../../arm-none-eabi/lib/thumb/v7e-m+fp/hard\libc_nano.a(libc_a-nano-vfprintf_i.o)
                              D:/STM32CubeIDE_2.0.0/STM32CubeIDE/plugins/com.st.stm32cube.ide.mcu.externaltools.gnu-tools-for-stm32.13.3.rel1.win32_1.0.100.202509120712/tools/bin/../lib/gcc/arm-none-eabi/13.3.1/../../../../arm-none-eabi/lib/thumb/v7e-m+fp/hard\libc_nano.a(libc_a-nano-vfprintf_float.o) (_printf_common)
D:/STM32CubeIDE_2.0.0/STM32CubeIDE/plugins/com.st.stm32cube.ide.mcu.externaltools.gnu-tools-for-stm32.13.3.rel1.win32_1.0.100.202509120712/tools/bin/../lib/gcc/arm-none-eabi/13.3.1/../../../../arm-none-eabi/lib/thumb/v7e-m+fp/hard\libc_nano.a(libc_a-findfp.o)
                              D:/STM32CubeIDE_2.0.0/STM32CubeIDE/plugins/com.st.stm32cube.ide.mcu.externaltools.gnu-tools-for-stm32.13.3.rel1.win32_1.0.100.202509120712/tools/bin/../lib/gcc/arm-none-eabi/13.3.1/../../../../arm-none-eabi/lib/thumb/v7e-m+fp/hard\libc_nano.a(libc_a-exit.o) (__stdio_exit_handler)
D:/STM32CubeIDE_2.0.0/STM32CubeIDE/plugins/com.st.stm32cube.ide.mcu.externaltools.gnu-tools-for-stm32.13.3.rel1.win32_1.0.100.202509120712/tools/bin/../lib/gcc/arm-none-eabi/13.3.1/../../../../arm-none-eabi/lib/thumb/v7e-m+fp/hard\libc_nano.a(libc_a-fwalk.o)
                              D:/STM32CubeIDE_2.0.0/STM32CubeIDE/plugins/com.st.stm32cube.ide.mcu.externaltools.gnu-tools-for-stm32.13.3.rel1.win32_1.0.100.202509120712/tools/bin/../lib/gcc/arm-none-eabi/13.3.1/../../../../arm-none-eabi/lib/thumb/v7e-m+fp/hard\libc_nano.a(libc_a-findfp.o) (_fwalk_sglue)
D:/STM32CubeIDE_2.0.0/STM32CubeIDE/plugins/com.st.stm32cube.ide.mcu.externaltools.gnu-tools-for-stm32.13.3.rel1.win32_1.0.100.202509120712/tools/bin/../lib/gcc/arm-none-eabi/13.3.1/../../../../arm-none-eabi/lib/thumb/v7e-m+fp/hard\libc_nano.a(libc_a-printf.o)
                              ./Core/Src/read_aux_data_mode.o (printf)
D:/STM32CubeIDE_2.0.0/STM32CubeIDE/plugins/com.st.stm32cube.ide.mcu.externaltools.gnu-tools-for-stm32.13.3.rel1.win32_1.0.100.202509120712/tools/bin/../lib/gcc/arm-none-eabi/13.3.1/../../../../arm-none-eabi/lib/thumb/v7e-m+fp/hard\libc_nano.a(libc_a-snprintf.o)
                              ./Core/Src/oled.o (snprintf)
D:/STM32CubeIDE_2.0.0/STM32CubeIDE/plugins/com.st.stm32cube.ide.mcu.externaltools.gnu-tools-for-stm32.13.3.rel1.win32_1.0.100.202509120712/tools/bin/../lib/gcc/arm-none-eabi/13.3.1/../../../../arm-none-eabi/lib/thumb/v7e-m+fp/hard\libc_nano.a(libc_a-stdio.o)
                              D:/STM32CubeIDE_2.0.0/STM32CubeIDE/plugins/com.st.stm32cube.ide.mcu.externaltools.gnu-tools-for-stm32.13.3.rel1.win32_1.0.100.202509120712/tools/bin/../lib/gcc/arm-none-eabi/13.3.1/../../../../arm-none-eabi/lib/thumb/v7e-m+fp/hard\libc_nano.a(libc_a-findfp.o) (__sread)
D:/STM32CubeIDE_2.0.0/STM32CubeIDE/plugins/com.st.stm32cube.ide.mcu.externaltools.gnu-tools-for-stm32.13.3.rel1.win32_1.0.100.202509120712/tools/bin/../lib/gcc/arm-none-eabi/13.3.1/../../../../arm-none-eabi/lib/thumb/v7e-m+fp/hard\libc_nano.a(libc_a-memset.o)
                              D:/STM32CubeIDE_2.0.0/STM32CubeIDE/plugins/com.st.stm32cube.ide.mcu.externaltools.gnu-tools-for-stm32.13.3.rel1.win32_1.0.100.202509120712/tools/bin/../lib/gcc/arm-none-eabi/13.3.1/../../../../arm-none-eabi/lib/thumb/v7e-m+fp/hard/crt0.o (memset)
D:/STM32CubeIDE_2.0.0/STM32CubeIDE/plugins/com.st.stm32cube.ide.mcu.externaltools.gnu-tools-for-stm32.13.3.rel1.win32_1.0.100.202509120712/tools/bin/../lib/gcc/arm-none-eabi/13.3.1/../../../../arm-none-eabi/lib/thumb/v7e-m+fp/hard\libc_nano.a(libc_a-localeconv.o)
                              D:/STM32CubeIDE_2.0.0/STM32CubeIDE/plugins/com.st.stm32cube.ide.mcu.externaltools.gnu-tools-for-stm32.13.3.rel1.win32_1.0.100.202509120712/tools/bin/../lib/gcc/arm-none-eabi/13.3.1/../../../../arm-none-eabi/lib/thumb/v7e-m+fp/hard\libc_nano.a(libc_a-nano-vfprintf_float.o) (_localeconv_r)
[...]
Memory Configuration

Name             Origin             Length             Attributes
CCMRAM           0x10000000         0x00010000         xrw
RAM              0x20000000         0x00020000         xrw
FLASH            0x08000000         0x00100000         xr
*default*        0x00000000         0xffffffff

Linker script and memory map

LOAD D:/STM32CubeIDE_2.0.0/STM32CubeIDE/plugins/com.st.stm32cube.ide.mcu.externaltools.gnu-tools-for-stm32.13.3.rel1.win32_1.0.100.202509120712/tools/bin/../lib/gcc/arm-none-eabi/13.3.1/thumb/v7e-m+fp/hard/crti.o
LOAD D:/STM32CubeIDE_2.0.0/STM32CubeIDE/plugins/com.st.stm32cube.ide.mcu.externaltools.gnu-tools-for-stm32.13.3.rel1.win32_1.0.100.202509120712/tools/bin/../lib/gcc/arm-none-eabi/13.3.1/thumb/v7e-m+fp/hard/crtbegin.o
LOAD D:/STM32CubeIDE_2.0.0/STM32CubeIDE/plugins/com.st.stm32cube.ide.mcu.externaltools.gnu-tools-for-stm32.13.3.rel1.win32_1.0.100.202509120712/tools/bin/../lib/gcc/arm-none-eabi/13.3.1/../../../../arm-none-eabi/lib/thumb/v7e-m+fp/hard/crt0.o
LOAD ./Core/ICM45686/inv_imu_driver.o
LOAD ./Core/ICM45686/inv_imu_transport.o
LOAD ./Core/IMU/IMU.o
LOAD ./Core/Src/adc.o
LOAD ./Core/Src/boost.o
LOAD ./Core/Src/dac.o
LOAD ./Core/Src/gpio.o
LOAD ./Core/Src/i2c.o
LOAD ./Core/Src/main.o
LOAD ./Core/Src/main_usage.o
LOAD ./Core/Src/oled.o
LOAD ./Core/Src/read_aux_data_mode.o
LOAD ./Core/Src/spi.o
LOAD ./Core/Src/stm32f4xx_hal_msp.o
LOAD ./Core/Src/stm32f4xx_it.o
LOAD ./Core/Src/syscalls.o
LOAD ./Core/Src/sysmem.o
LOAD ./Core/Src/system_stm32f4xx.o
LOAD ./Core/Src/tim.o
LOAD ./Core/Src/usart.o
LOAD ./Core/Src/w25q64.o
LOAD ./Core/Startup/startup_stm32f407vgtx.o
LOAD ./Drivers/STM32F4xx_HAL_Driver/Src/stm32f4xx_hal.o
LOAD ./Drivers/STM32F4xx_HAL_Driver/Src/stm32f4xx_hal_adc.o
LOAD ./Drivers/STM32F4xx_HAL_Driver/Src/stm32f4xx_hal_adc_ex.o
LOAD ./Drivers/STM32F4xx_HAL_Driver/Src/stm32f4xx_hal_cortex.o
LOAD ./Drivers/STM32F4xx_HAL_Driver/Src/stm32f4xx_hal_dac.o
LOAD ./Drivers/STM32F4xx_HAL_Driver/Src/stm32f4xx_hal_dac_ex.o
LOAD ./Drivers/STM32F4xx_HAL_Driver/Src/stm32f4xx_hal_dma.o
LOAD ./Drivers/STM32F4xx_HAL_Driver/Src/stm32f4xx_hal_dma_ex.o
LOAD ./Drivers/STM32F4xx_HAL_Driver/Src/stm32f4xx_hal_exti.o
LOAD ./Drivers/STM32F4xx_HAL_Driver/Src/stm32f4xx_hal_flash.o
LOAD ./Drivers/STM32F4xx_HAL_Driver/Src/stm32f4xx_hal_flash_ex.o
LOAD ./Drivers/STM32F4xx_HAL_Driver/Src/stm32f4xx_hal_flash_ramfunc.o
LOAD ./Drivers/STM32F4xx_HAL_Driver/Src/stm32f4xx_hal_gpio.o
LOAD ./Drivers/STM32F4xx_HAL_Driver/Src/stm32f4xx_hal_i2c.o
LOAD ./Drivers/STM32F4xx_HAL_Driver/Src/stm32f4xx_hal_i2c_ex.o
LOAD ./Drivers/STM32F4xx_HAL_Driver/Src/stm32f4xx_hal_pwr.o
LOAD ./Drivers/STM32F4xx_HAL_Driver/Src/stm32f4xx_hal_pwr_ex.o
LOAD ./Drivers/STM32F4xx_HAL_Driver/Src/stm32f4xx_hal_rcc.o
LOAD ./Drivers/STM32F4xx_HAL_Driver/Src/stm32f4xx_hal_rcc_ex.o
LOAD ./Drivers/STM32F4xx_HAL_Driver/Src/stm32f4xx_hal_spi.o
LOAD ./Drivers/STM32F4xx_HAL_Driver/Src/stm32f4xx_hal_tim.o
LOAD ./Drivers/STM32F4xx_HAL_Driver/Src/stm32f4xx_hal_tim_ex.o
LOAD ./Drivers/STM32F4xx_HAL_Driver/Src/stm32f4xx_hal_uart.o
LOAD ./Drivers/STM32F4xx_HAL_Driver/Src/stm32f4xx_ll_adc.o
START GROUP
LOAD D:/STM32CubeIDE_2.0.0/STM32CubeIDE/plugins/com.st.stm32cube.ide.mcu.externaltools.gnu-tools-for-stm32.13.3.rel1.win32_1.0.100.202509120712/tools/bin/../lib/gcc/arm-none-eabi/13.3.1/../../../../arm-none-eabi/lib/thumb/v7e-m+fp/hard\libc_nano.a
LOAD D:/STM32CubeIDE_2.0.0/STM32CubeIDE/plugins/com.st.stm32cube.ide.mcu.externaltools.gnu-tools-for-stm32.13.3.rel1.win32_1.0.100.202509120712/tools/bin/../lib/gcc/arm-none-eabi/13.3.1/../../../../arm-none-eabi/lib/thumb/v7e-m+fp/hard\libm.a
END GROUP
START GROUP
LOAD D:/STM32CubeIDE_2.0.0/STM32CubeIDE/plugins/com.st.stm32cube.ide.mcu.externaltools.gnu-tools-for-stm32.13.3.rel1.win32_1.0.100.202509120712/tools/bin/../lib/gcc/arm-none-eabi/13.3.1/thumb/v7e-m+fp/hard\libgcc.a
LOAD D:/STM32CubeIDE_2.0.0/STM32CubeIDE/plugins/com.st.stm32cube.ide.mcu.externaltools.gnu-tools-for-stm32.13.3.rel1.win32_1.0.100.202509120712/tools/bin/../lib/gcc/arm-none-eabi/13.3.1/../../../../arm-none-eabi/lib/thumb/v7e-m+fp/hard\libc_nano.a
END GROUP
START GROUP
LOAD D:/STM32CubeIDE_2.0.0/STM32CubeIDE/plugins/com.st.stm32cube.ide.mcu.externaltools.gnu-tools-for-stm32.13.3.rel1.win32_1.0.100.202509120712/tools/bin/../lib/gcc/arm-none-eabi/13.3.1/thumb/v7e-m+fp/hard\libgcc.a
LOAD D:/STM32CubeIDE_2.0.0/STM32CubeIDE/plugins/com.st.stm32cube.ide.mcu.externaltools.gnu-tools-for-stm32.13.3.rel1.win32_1.0.100.202509120712/tools/bin/../lib/gcc/arm-none-eabi/13.3.1/../../../../arm-none-eabi/lib/thumb/v7e-m+fp/hard\libc_nano.a
LOAD D:/STM32CubeIDE_2.0.0/STM32CubeIDE/plugins/com.st.stm32cube.ide.mcu.externaltools.gnu-tools-for-stm32.13.3.rel1.win32_1.0.100.202509120712/tools/bin/../lib/gcc/arm-none-eabi/13.3.1/../../../../arm-none-eabi/lib/thumb/v7e-m+fp/hard\libnosys.a
END GROUP
START GROUP
LOAD D:/STM32CubeIDE_2.0.0/STM32CubeIDE/plugins/com.st.stm32cube.ide.mcu.externaltools.gnu-tools-for-stm32.13.3.rel1.win32_1.0.100.202509120712/tools/bin/../lib/gcc/arm-none-eabi/13.3.1/thumb/v7e-m+fp/hard\libgcc.a
LOAD D:/STM32CubeIDE_2.0.0/STM32CubeIDE/plugins/com.st.stm32cube.ide.mcu.externaltools.gnu-tools-for-stm32.13.3.rel1.win32_1.0.100.202509120712/tools/bin/../lib/gcc/arm-none-eabi/13.3.1/../../../../arm-none-eabi/lib/thumb/v7e-m+fp/hard\libc_nano.a
LOAD D:/STM32CubeIDE_2.0.0/STM32CubeIDE/plugins/com.st.stm32cube.ide.mcu.externaltools.gnu-tools-for-stm32.13.3.rel1.win32_1.0.100.202509120712/tools/bin/../lib/gcc/arm-none-eabi/13.3.1/../../../../arm-none-eabi/lib/thumb/v7e-m+fp/hard\libnosys.a
END GROUP
LOAD D:/STM32CubeIDE_2.0.0/STM32CubeIDE/plugins/com.st.stm32cube.ide.mcu.externaltools.gnu-tools-for-stm32.13.3.rel1.win32_1.0.100.202509120712/tools/bin/../lib/gcc/arm-none-eabi/13.3.1/thumb/v7e-m+fp/hard/crtend.o
LOAD D:/STM32CubeIDE_2.0.0/STM32CubeIDE/plugins/com.st.stm32cube.ide.mcu.externaltools.gnu-tools-for-stm32.13.3.rel1.win32_1.0.100.202509120712/tools/bin/../lib/gcc/arm-none-eabi/13.3.1/thumb/v7e-m+fp/hard/crtn.o
                0x20020000                        _estack = (ORIGIN (RAM) + LENGTH (RAM))
                0x00000200                        _Min_Heap_Size = 0x200
                0x00000400                        _Min_Stack_Size = 0x400

.isr_vector     0x08000000      0x188
                0x08000000                        . = ALIGN (0x4)
 *(.isr_vector)
 .isr_vector    0x08000000      0x188 ./Core/Startup/startup_stm32f407vgtx.o
                0x08000000                g_pfnVectors
                0x08000188                        . = ALIGN (0x4)

.text           0x08000190     0xb654
                0x08000190                        . = ALIGN (0x4)
 *(.text)
 .text          0x08000190       0x40 D:/STM32CubeIDE_2.0.0/STM32CubeIDE/plugins/com.st.stm32cube.ide.mcu.externaltools.gnu-tools-for-stm32.13.3.rel1.win32_1.0.100.202509120712/tools/bin/../lib/gcc/arm-none-eabi/13.3.1/thumb/v7e-m+fp/hard/crtbegin.o
 .text          0x080001d0       0xa0 D:/STM32CubeIDE_2.0.0/STM32CubeIDE/plugins/com.st.stm32cube.ide.mcu.externaltools.gnu-tools-for-stm32.13.3.rel1.win32_1.0.100.202509120712/tools/bin/../lib/gcc/arm-none-eabi/13.3.1/../../../../arm-none-eabi/lib/thumb/v7e-m+fp/hard\libc_nano.a(libc_a-memchr.o)
                0x080001d0                memchr
 .text          0x08000270       0x10 D:/STM32CubeIDE_2.0.0/STM32CubeIDE/plugins/com.st.stm32cube.ide.mcu.externaltools.gnu-tools-for-stm32.13.3.rel1.win32_1.0.100.202509120712/tools/bin/../lib/gcc/arm-none-eabi/13.3.1/../../../../arm-none-eabi/lib/thumb/v7e-m+fp/hard\libc_nano.a(libc_a-strlen.o)
                0x08000270                strlen
 .text          0x08000280      0x378 D:/STM32CubeIDE_2.0.0/STM32CubeIDE/plugins/com.st.stm32cube.ide.mcu.externaltools.gnu-tools-for-stm32.13.3.rel1.win32_1.0.100.202509120712/tools/bin/../lib/gcc/arm-none-eabi/13.3.1/thumb/v7e-m+fp/hard\libgcc.a(_arm_addsubdf3.o)
                0x08000280                __aeabi_drsub
                0x08000288                __aeabi_dsub
                0x08000288                __subdf3
                0x0800028c                __aeabi_dadd
                0x0800028c                __adddf3
                0x08000504                __floatunsidf
                0x08000504                __aeabi_ui2d
                0x08000524                __floatsidf
                0x08000524                __aeabi_i2d
                0x08000548                __aeabi_f2d
                0x08000548                __extendsfdf2
                0x0800058c                __floatundidf
                0x0800058c                __aeabi_ul2d
                0x0800059c                __floatdidf
                0x0800059c                __aeabi_l2d
 .text          0x080005f8      0x424 D:/STM32CubeIDE_2.0.0/STM32CubeIDE/plugins/com.st.stm32cube.ide.mcu.externaltools.gnu-tools-for-stm32.13.3.rel1.win32_1.0.100.202509120712/tools/bin/../lib/gcc/arm-none-eabi/13.3.1/thumb/v7e-m+fp/hard\libgcc.a(_arm_muldivdf3.o)
                0x080005f8                __aeabi_dmul
                0x080005f8                __muldf3
                0x0800084c                __divdf3
                0x0800084c                __aeabi_ddiv
 .text          0x08000a1c      0x110 D:/STM32CubeIDE_2.0.0/STM32CubeIDE/plugins/com.st.stm32cube.ide.mcu.externaltools.gnu-tools-for-stm32.13.3.rel1.win32_1.0.100.202509120712/tools/bin/../lib/gcc/arm-none-eabi/13.3.1/thumb/v7e-m+fp/hard\libgcc.a(_arm_cmpdf2.o)
                0x08000a1c                __gtdf2
                0x08000a1c                __gedf2
                0x08000a24                __ltdf2
                0x08000a24                __ledf2
                0x08000a2c                __nedf2
                0x08000a2c                __eqdf2
                0x08000a2c                __cmpdf2
                0x08000aa8                __aeabi_cdrcmple
                0x08000ab8                __aeabi_cdcmpeq
                0x08000ab8                __aeabi_cdcmple
                0x08000ac8                __aeabi_dcmpeq
                0x08000adc                __aeabi_dcmplt
                0x08000af0                __aeabi_dcmple
                0x08000b04                __aeabi_dcmpge
                0x08000b18                __aeabi_dcmpgt
 .text          0x08000b2c       0x2c D:/STM32CubeIDE_2.0.0/STM32CubeIDE/plugins/com.st.stm32cube.ide.mcu.externaltools.gnu-tools-for-stm32.13.3.rel1.win32_1.0.100.202509120712/tools/bin/../lib/gcc/arm-none-eabi/13.3.1/thumb/v7e-m+fp/hard\libgcc.a(_arm_unorddf2.o)
                0x08000b2c                __unorddf2
                0x08000b2c                __aeabi_dcmpun
 .text          0x08000b58       0x50 D:/STM32CubeIDE_2.0.0/STM32CubeIDE/plugins/com.st.stm32cube.ide.mcu.externaltools.gnu-tools-for-stm32.13.3.rel1.win32_1.0.100.202509120712/tools/bin/../lib/gcc/arm-none-eabi/13.3.1/thumb/v7e-m+fp/hard\libgcc.a(_arm_fixdfsi.o)
                0x08000b58                __aeabi_d2iz
                0x08000b58                __fixdfsi
 .text          0x08000ba8       0x40 D:/STM32CubeIDE_2.0.0/STM32CubeIDE/plugins/com.st.stm32cube.ide.mcu.externaltools.gnu-tools-for-stm32.13.3.rel1.win32_1.0.100.202509120712/tools/bin/../lib/gcc/arm-none-eabi/13.3.1/thumb/v7e-m+fp/hard\libgcc.a(_arm_fixunsdfsi.o)
                0x08000ba8                __aeabi_d2uiz
                0x08000ba8                __fixunsdfsi
 .text          0x08000be8       0x30 D:/STM32CubeIDE_2.0.0/STM32CubeIDE/plugins/com.st.stm32cube.ide.mcu.externaltools.gnu-tools-for-stm32.13.3.rel1.win32_1.0.100.202509120712/tools/bin/../lib/gcc/arm-none-eabi/13.3.1/thumb/v7e-m+fp/hard\libgcc.a(_aeabi_uldivmod.o)
                0x08000be8                __aeabi_uldivmod
 .text          0x08000c18      0x2f8 D:/STM32CubeIDE_2.0.0/STM32CubeIDE/plugins/com.st.stm32cube.ide.mcu.externaltools.gnu-tools-for-stm32.13.3.rel1.win32_1.0.100.202509120712/tools/bin/../lib/gcc/arm-none-eabi/13.3.1/thumb/v7e-m+fp/hard\libgcc.a(_udivmoddi4.o)
                0x08000c18                __udivmoddi4
 .text          0x08000f10        0x4 D:/STM32CubeIDE_2.0.0/STM32CubeIDE/plugins/com.st.stm32cube.ide.mcu.externaltools.gnu-tools-for-stm32.13.3.rel1.win32_1.0.100.202509120712/tools/bin/../lib/gcc/arm-none-eabi/13.3.1/thumb/v7e-m+fp/hard\libgcc.a(_dvmd_tls.o)
                0x08000f10                __aeabi_idiv0
                0x08000f10                __aeabi_ldiv0
 *(.text*)
 .text.MX_ADC1_Init
                0x08000f14       0xa4 ./Core/Src/adc.o
                0x08000f14                MX_ADC1_Init
 .text.MX_ADC2_Init
                0x08000fb8       0xac ./Core/Src/adc.o
                0x08000fb8                MX_ADC2_Init
 .text.MX_ADC3_Init
                0x08001064       0xac ./Core/Src/adc.o
                0x08001064                MX_ADC3_Init
 .text.HAL_ADC_MspInit
                0x08001110      0x17c ./Core/Src/adc.o
                0x08001110                HAL_ADC_MspInit
 .text.clampf   0x0800128c       0x52 ./Core/Src/boost.o
 *fill*         0x080012de        0x2 
 .text.adc_to_voltage
                0x080012e0       0x58 ./Core/Src/boost.o
 .text.adc_to_current
                0x08001338       0x58 ./Core/Src/boost.o
 .text.pi_step  0x08001390       0x86 ./Core/Src/boost.o
 .text.pi_reset
                0x08001416       0x24 ./Core/Src/boost.o
 *fill*         0x0800143a        0x2 
 .text.pwm_write
                0x0800143c       0xa0 ./Core/Src/boost.o
 .text.inverter_shutdown
                0x080014dc       0x34 ./Core/Src/boost.o
 .text.Boost_Init
                0x08001510       0xd0 ./Core/Src/boost.o
                0x08001510                Boost_Init
 .text.Boost_SetTarget
                0x080015e0       0x44 ./Core/Src/boost.o
                0x080015e0                Boost_SetTarget
 .text.Boost_SetCurrentLimit
                0x08001624       0x40 ./Core/Src/boost.o
                0x08001624                Boost_SetCurrentLimit
 .text.Boost_ClearFault
                0x08001664       0x18 ./Core/Src/boost.o
                0x08001664                Boost_ClearFault
 .text.Boost_ControlLoop
                0x0800167c      0x234 ./Core/Src/boost.o
                0x0800167c                Boost_ControlLoop
 .text.Boost_KeyScan
                0x080018b0       0xe4 ./Core/Src/boost.o
                0x080018b0                Boost_KeyScan
 .text.Boost_GetTarget
                0x08001994       0x1c ./Core/Src/boost.o
                0x08001994                Boost_GetTarget
 .text.Boost_GetVout
                0x080019b0       0x1c ./Core/Src/boost.o
                0x080019b0                Boost_GetVout
 .text.Boost_GetIout
                0x080019cc       0x1c ./Core/Src/boost.o
                0x080019cc                Boost_GetIout
 .text.Boost_GetIin
                0x080019e8       0x1c ./Core/Src/boost.o
                0x080019e8                Boost_GetIin
 .text.Boost_GetCurrentLimit
                0x08001a04       0x1c ./Core/Src/boost.o
                0x08001a04                Boost_GetCurrentLimit
 .text.Boost_GetDuty
                0x08001a20       0x1c ./Core/Src/boost.o
                0x08001a20                Boost_GetDuty
 .text.Boost_GetFault
                0x08001a3c       0x18 ./Core/Src/boost.o
                0x08001a3c                Boost_GetFault
 .text.Boost_GetEditMode
                0x08001a54       0x18 ./Core/Src/boost.o
                0x08001a54                Boost_GetEditMode
 .text.HAL_ADC_ConvCpltCallback
                0x08001a6c       0x68 ./Core/Src/boost.o
                0x08001a6c                HAL_ADC_ConvCpltCallback
 .text.MX_DAC_Init
                0x08001ad4       0x54 ./Core/Src/dac.o
                0x08001ad4                MX_DAC_Init
 .text.HAL_DAC_MspInit
                0x08001b28       0x98 ./Core/Src/dac.o
                0x08001b28                HAL_DAC_MspInit
 .text.MX_GPIO_Init
                0x08001bc0      0x238 ./Core/Src/gpio.o
                0x08001bc0                MX_GPIO_Init
 .text.HAL_GPIO_EXTI_Callback
                0x08001df8       0x44 ./Core/Src/gpio.o
                0x08001df8                HAL_GPIO_EXTI_Callback
 .text.get_keyboard_value
                0x08001e3c      0x230 ./Core/Src/gpio.o
                0x08001e3c                get_keyboard_value
 .text.MX_I2C1_Init
                0x0800206c       0x5c ./Core/Src/i2c.o
                0x0800206c                MX_I2C1_Init
 .text.HAL_I2C_MspInit
                0x080020c8       0x90 ./Core/Src/i2c.o
                0x080020c8                HAL_I2C_MspInit
 .text.MX_USER_Init
                0x08002158       0x38 ./Core/Src/main.o
                0x08002158                MX_USER_Init
 .text.MX_USER_Loop
                0x08002190       0xac ./Core/Src/main.o
                0x08002190                MX_USER_Loop
 .text.main     0x0800223c       0x68 ./Core/Src/main.o
                0x0800223c                main
 .text.SystemClock_Config
                0x080022a4       0xd4 ./Core/Src/main.o
                0x080022a4                SystemClock_Config
 .text.Error_Handler
                0x08002378        0xc ./Core/Src/main.o
                0x08002378                Error_Handler
 .text.OLED_WriteByte
                0x08002384       0x74 ./Core/Src/oled.o
 .text.OLED_WriteCmd
                0x080023f8       0x1c ./Core/Src/oled.o
 .text.OLED_Init
                0x08002414       0xcc ./Core/Src/oled.o
                0x08002414                OLED_Init
 .text.OLED_Clear
                0x080024e0       0x18 ./Core/Src/oled.o
                0x080024e0                OLED_Clear
 .text.OLED_Refresh
                0x080024f8       0x80 ./Core/Src/oled.o
                0x080024f8                OLED_Refresh
 .text.OLED_DrawPoint
                0x08002578       0xb4 ./Core/Src/oled.o
                0x08002578                OLED_DrawPoint
 .text.OLED_ShowChar
                0x0800262c       0xd8 ./Core/Src/oled.o
                0x0800262c                OLED_ShowChar
 .text.OLED_ShowString
                0x08002704       0x52 ./Core/Src/oled.o
                0x08002704                OLED_ShowString
 *fill*         0x08002756        0x2 
 .text.OLED_ShowFloat
                0x08002758       0xa4 ./Core/Src/oled.o
                0x08002758                OLED_ShowFloat
 .text.OLED_BoostUI
                0x080027fc      0x148 ./Core/Src/oled.o
                0x080027fc                OLED_BoostUI
 .text.MX_SPI1_Init
                0x08002944       0x6c ./Core/Src/spi.o
                0x08002944                MX_SPI1_Init
 .text.MX_SPI2_Init
                0x080029b0       0x6c ./Core/Src/spi.o
                0x080029b0                MX_SPI2_Init
 .text.MX_SPI3_Init
                0x08002a1c       0x6c ./Core/Src/spi.o
                0x08002a1c                MX_SPI3_Init
 .text.HAL_SPI_MspInit
                0x08002a88      0x168 ./Core/Src/spi.o
                0x08002a88                HAL_SPI_MspInit
 .text.HAL_MspInit
                0x08002bf0       0x50 ./Core/Src/stm32f4xx_hal_msp.o
                0x08002bf0                HAL_MspInit
 .text.NMI_Handler
                0x08002c40        0x8 ./Core/Src/stm32f4xx_it.o
                0x08002c40                NMI_Handler
 .text.HardFault_Handler
                0x08002c48        0x8 ./Core/Src/stm32f4xx_it.o
                0x08002c48                HardFault_Handler
 .text.MemManage_Handler
                0x08002c50        0x8 ./Core/Src/stm32f4xx_it.o
                0x08002c50                MemManage_Handler
 .text.BusFault_Handler
                0x08002c58        0x8 ./Core/Src/stm32f4xx_it.o
                0x08002c58                BusFault_Handler
 .text.UsageFault_Handler
                0x08002c60        0x8 ./Core/Src/stm32f4xx_it.o
                0x08002c60                UsageFault_Handler
 .text.SVC_Handler
                0x08002c68        0xe ./Core/Src/stm32f4xx_it.o
                0x08002c68                SVC_Handler
 .text.DebugMon_Handler
                0x08002c76        0xe ./Core/Src/stm32f4xx_it.o
                0x08002c76                DebugMon_Handler
 .text.PendSV_Handler
                0x08002c84        0xe ./Core/Src/stm32f4xx_it.o
                0x08002c84                PendSV_Handler
 .text.SysTick_Handler
                0x08002c92        0xc ./Core/Src/stm32f4xx_it.o
                0x08002c92                SysTick_Handler
 *fill*         0x08002c9e        0x2 
 .text.ADC_IRQHandler
                0x08002ca0       0x28 ./Core/Src/stm32f4xx_it.o
                0x08002ca0                ADC_IRQHandler
 .text.USART1_IRQHandler
                0x08002cc8       0x14 ./Core/Src/stm32f4xx_it.o
                0x08002cc8                USART1_IRQHandler
 .text.USART2_IRQHandler
                0x08002cdc       0x14 ./Core/Src/stm32f4xx_it.o
                0x08002cdc                USART2_IRQHandler
 .text.EXTI15_10_IRQHandler
                0x08002cf0       0x10 ./Core/Src/stm32f4xx_it.o
                0x08002cf0                EXTI15_10_IRQHandler
 .text.TIM6_DAC_IRQHandler
                0x08002d00       0x1c ./Core/Src/stm32f4xx_it.o
                0x08002d00                TIM6_DAC_IRQHandler
 .text._getpid  0x08002d1c       0x10 ./Core/Src/syscalls.o
                0x08002d1c                _getpid
 .text._kill    0x08002d2c       0x20 ./Core/Src/syscalls.o
                0x08002d2c                _kill
 .text._exit    0x08002d4c       0x16 ./Core/Src/syscalls.o
                0x08002d4c                _exit
 .text._read    0x08002d62       0x3a ./Core/Src/syscalls.o
                0x08002d62                _read
 .text._write   0x08002d9c       0x38 ./Core/Src/syscalls.o
                0x08002d9c                _write
 .text._close   0x08002dd4       0x18 ./Core/Src/syscalls.o
                0x08002dd4                _close
 .text._fstat   0x08002dec       0x20 ./Core/Src/syscalls.o
                0x08002dec                _fstat
 .text._isatty  0x08002e0c       0x16 ./Core/Src/syscalls.o
                0x08002e0c                _isatty
 .text._lseek   0x08002e22       0x1a ./Core/Src/syscalls.o
                0x08002e22                _lseek
 .text._sbrk    0x08002e3c       0x6c ./Core/Src/sysmem.o
                0x08002e3c                _sbrk
 .text.SystemInit
                0x08002ea8       0x24 ./Core/Src/system_stm32f4xx.o
                0x08002ea8                SystemInit
 .text.MX_TIM1_Init
                0x08002ecc      0x164 ./Core/Src/tim.o
                0x08002ecc                MX_TIM1_Init
 .text.MX_TIM6_Init
                0x08003030       0x68 ./Core/Src/tim.o
                0x08003030                MX_TIM6_Init
 .text.MX_TIM8_Init
                0x08003098      0x144 ./Core/Src/tim.o
                0x08003098                MX_TIM8_Init
 .text.MX_TIM9_Init
                0x080031dc       0xa0 ./Core/Src/tim.o
                0x080031dc                MX_TIM9_Init
 .text.HAL_TIM_Base_MspInit
                0x0800327c       0xa8 ./Core/Src/tim.o
                0x0800327c                HAL_TIM_Base_MspInit
 .text.HAL_TIM_PWM_MspInit
                0x08003324       0x44 ./Core/Src/tim.o
                0x08003324                HAL_TIM_PWM_MspInit
 .text.HAL_TIM_MspPostInit
                0x08003368      0x190 ./Core/Src/tim.o
                0x08003368                HAL_TIM_MspPostInit
 .text.HAL_TIM_PeriodElapsedCallback
                0x080034f8       0x5c ./Core/Src/tim.o
                0x080034f8                HAL_TIM_PeriodElapsedCallback
 .text.set_LED_BUZZER
                0x08003554       0xc4 ./Core/Src/tim.o
                0x08003554                set_LED_BUZZER
 .text.__io_putchar
                0x08003618       0x24 ./Core/Src/usart.o
                0x08003618                __io_putchar
 .text.MX_USART1_UART_Init
                0x0800363c       0x54 ./Core/Src/usart.o
                0x0800363c                MX_USART1_UART_Init
 .text.MX_USART2_UART_Init
                0x08003690       0x54 ./Core/Src/usart.o
                0x08003690                MX_USART2_UART_Init
 .text.HAL_UART_MspInit
                0x080036e4      0x11c ./Core/Src/usart.o
                0x080036e4                HAL_UART_MspInit
 .text.HAL_UART_RxCpltCallback
                0x08003800       0x74 ./Core/Src/usart.o
                0x08003800                HAL_UART_RxCpltCallback
 .text.Reset_Handler
                0x08003874       0x50 ./Core/Startup/startup_stm32f407vgtx.o
                0x08003874                Reset_Handler
 .text.Default_Handler
                0x080038c4        0x2 ./Core/Startup/startup_stm32f407vgtx.o
                0x080038c4                RTC_Alarm_IRQHandler
                0x080038c4                HASH_RNG_IRQHandler
                0x080038c4                EXTI2_IRQHandler
                0x080038c4                TIM8_CC_IRQHandler
                0x080038c4                TIM1_CC_IRQHandler
                0x080038c4                DMA2_Stream5_IRQHandler
                0x080038c4                DMA1_Stream5_IRQHandler
                0x080038c4                PVD_IRQHandler
                0x080038c4                SDIO_IRQHandler
                0x080038c4                TAMP_STAMP_IRQHandler
                0x080038c4                CAN2_RX1_IRQHandler
                0x080038c4                EXTI3_IRQHandler
                0x080038c4                TIM8_TRG_COM_TIM14_IRQHandler
                0x080038c4                TIM1_UP_TIM10_IRQHandler
                0x080038c4                TIM8_UP_TIM13_IRQHandler
                0x080038c4                I2C3_ER_IRQHandler
                0x080038c4                EXTI0_IRQHandler
                0x080038c4                I2C2_EV_IRQHandler
                0x080038c4                DMA1_Stream2_IRQHandler
                0x080038c4                CAN1_RX0_IRQHandler
                0x080038c4                FPU_IRQHandler
                0x080038c4                OTG_HS_WKUP_IRQHandler
                0x080038c4                CAN2_SCE_IRQHandler
                0x080038c4                DMA2_Stream2_IRQHandler
                0x080038c4                SPI1_IRQHandler
                0x080038c4                TIM1_BRK_TIM9_IRQHandler
                0x080038c4                DCMI_IRQHandler
                0x080038c4                CAN2_RX0_IRQHandler
                0x080038c4                DMA2_Stream3_IRQHandler
                0x080038c4                USART6_IRQHandler
                0x080038c4                USART3_IRQHandler
                0x080038c4                CAN1_RX1_IRQHandler
                0x080038c4                UART5_IRQHandler
                0x080038c4                DMA2_Stream0_IRQHandler
                0x080038c4                TIM4_IRQHandler
                0x080038c4                I2C1_EV_IRQHandler
                0x080038c4                DMA1_Stream6_IRQHandler
                0x080038c4                DMA1_Stream1_IRQHandler
                0x080038c4                UART4_IRQHandler
                0x080038c4                TIM3_IRQHandler
                0x080038c4                RCC_IRQHandler
                0x080038c4                TIM8_BRK_TIM12_IRQHandler
                0x080038c4                Default_Handler
                0x080038c4                DMA1_Stream7_IRQHandler
                0x080038c4                TIM7_IRQHandler
                0x080038c4                CAN2_TX_IRQHandler
                0x080038c4                TIM5_IRQHandler
                0x080038c4                DMA2_Stream7_IRQHandler
                0x080038c4                I2C3_EV_IRQHandler
                0x080038c4                EXTI9_5_IRQHandler
                0x080038c4                RTC_WKUP_IRQHandler
                0x080038c4                ETH_WKUP_IRQHandler
                0x080038c4                SPI2_IRQHandler
                0x080038c4                OTG_HS_EP1_IN_IRQHandler
                0x080038c4                DMA1_Stream0_IRQHandler
                0x080038c4                CAN1_TX_IRQHandler
                0x080038c4                EXTI4_IRQHandler
                0x080038c4                FSMC_IRQHandler
                0x080038c4                ETH_IRQHandler
                0x080038c4                OTG_HS_EP1_OUT_IRQHandler
                0x080038c4                WWDG_IRQHandler
                0x080038c4                TIM2_IRQHandler
                0x080038c4                OTG_FS_WKUP_IRQHandler
                0x080038c4                TIM1_TRG_COM_TIM11_IRQHandler
                0x080038c4                OTG_HS_IRQHandler
                0x080038c4                EXTI1_IRQHandler
                0x080038c4                I2C2_ER_IRQHandler
                0x080038c4                DMA2_Stream1_IRQHandler
                0x080038c4                CAN1_SCE_IRQHandler
                0x080038c4                FLASH_IRQHandler
                0x080038c4                DMA2_Stream4_IRQHandler
                0x080038c4                OTG_FS_IRQHandler
                0x080038c4                SPI3_IRQHandler
                0x080038c4                DMA1_Stream4_IRQHandler
                0x080038c4                I2C1_ER_IRQHandler
                0x080038c4                DMA2_Stream6_IRQHandler
                0x080038c4                DMA1_Stream3_IRQHandler
 *fill*         0x080038c6        0x2 
 .text.HAL_Init
                0x080038c8       0x44 ./Drivers/STM32F4xx_HAL_Driver/Src/stm32f4xx_hal.o
                0x080038c8                HAL_Init
 .text.HAL_InitTick
                0x0800390c       0x60 ./Drivers/STM32F4xx_HAL_Driver/Src/stm32f4xx_hal.o
                0x0800390c                HAL_InitTick
 .text.HAL_IncTick
                0x0800396c       0x28 ./Drivers/STM32F4xx_HAL_Driver/Src/stm32f4xx_hal.o
                0x0800396c                HAL_IncTick
 .text.HAL_GetTick
                0x08003994       0x18 ./Drivers/STM32F4xx_HAL_Driver/Src/stm32f4xx_hal.o
                0x08003994                HAL_GetTick
 .text.HAL_Delay
                0x080039ac       0x48 ./Drivers/STM32F4xx_HAL_Driver/Src/stm32f4xx_hal.o
                0x080039ac                HAL_Delay
 .text.HAL_ADC_Init
                0x080039f4       0x86 ./Drivers/STM32F4xx_HAL_Driver/Src/stm32f4xx_hal_adc.o
                0x080039f4                HAL_ADC_Init
 *fill*         0x08003a7a        0x2 
 .text.HAL_ADC_Start_IT
                0x08003a7c      0x1bc ./Drivers/STM32F4xx_HAL_Driver/Src/stm32f4xx_hal_adc.o
                0x08003a7c                HAL_ADC_Start_IT
 .text.HAL_ADC_IRQHandler
                0x08003c38      0x220 ./Drivers/STM32F4xx_HAL_Driver/Src/stm32f4xx_hal_adc.o
                0x08003c38                HAL_ADC_IRQHandler
 .text.HAL_ADC_GetValue
                0x08003e58       0x1a ./Drivers/STM32F4xx_HAL_Driver/Src/stm32f4xx_hal_adc.o
                0x08003e58                HAL_ADC_GetValue
 .text.HAL_ADC_LevelOutOfWindowCallback
                0x08003e72       0x14 ./Drivers/STM32F4xx_HAL_Driver/Src/stm32f4xx_hal_adc.o
                0x08003e72                HAL_ADC_LevelOutOfWindowCallback
 .text.HAL_ADC_ErrorCallback
                0x08003e86       0x14 ./Drivers/STM32F4xx_HAL_Driver/Src/stm32f4xx_hal_adc.o
                0x08003e86                HAL_ADC_ErrorCallback
 *fill*         0x08003e9a        0x2 
 .text.HAL_ADC_ConfigChannel
                0x08003e9c      0x244 ./Drivers/STM32F4xx_HAL_Driver/Src/stm32f4xx_hal_adc.o
                0x08003e9c                HAL_ADC_ConfigChannel
 .text.ADC_Init
                0x080040e0      0x1f8 ./Drivers/STM32F4xx_HAL_Driver/Src/stm32f4xx_hal_adc.o
 .text.HAL_ADCEx_InjectedConvCpltCallback
                0x080042d8       0x14 ./Drivers/STM32F4xx_HAL_Driver/Src/stm32f4xx_hal_adc_ex.o
                0x080042d8                HAL_ADCEx_InjectedConvCpltCallback
 .text.__NVIC_SetPriorityGrouping
                0x080042ec       0x48 ./Drivers/STM32F4xx_HAL_Driver/Src/stm32f4xx_hal_cortex.o
 .text.__NVIC_GetPriorityGrouping
                0x08004334       0x1c ./Drivers/STM32F4xx_HAL_Driver/Src/stm32f4xx_hal_cortex.o
 .text.__NVIC_EnableIRQ
                0x08004350       0x3c ./Drivers/STM32F4xx_HAL_Driver/Src/stm32f4xx_hal_cortex.o
 .text.__NVIC_SetPriority
                0x0800438c       0x54 ./Drivers/STM32F4xx_HAL_Driver/Src/stm32f4xx_hal_cortex.o
 .text.NVIC_EncodePriority
                0x080043e0       0x66 ./Drivers/STM32F4xx_HAL_Driver/Src/stm32f4xx_hal_cortex.o
 *fill*         0x08004446        0x2 
 .text.SysTick_Config
                0x08004448       0x44 ./Drivers/STM32F4xx_HAL_Driver/Src/stm32f4xx_hal_cortex.o
 .text.HAL_NVIC_SetPriorityGrouping
                0x0800448c       0x16 ./Drivers/STM32F4xx_HAL_Driver/Src/stm32f4xx_hal_cortex.o
                0x0800448c                HAL_NVIC_SetPriorityGrouping
 .text.HAL_NVIC_SetPriority
                0x080044a2       0x38 ./Drivers/STM32F4xx_HAL_Driver/Src/stm32f4xx_hal_cortex.o
                0x080044a2                HAL_NVIC_SetPriority
 .text.HAL_NVIC_EnableIRQ
                0x080044da       0x1c ./Drivers/STM32F4xx_HAL_Driver/Src/stm32f4xx_hal_cortex.o
                0x080044da                HAL_NVIC_EnableIRQ
 .text.HAL_SYSTICK_Config
                0x080044f6       0x18 ./Drivers/STM32F4xx_HAL_Driver/Src/stm32f4xx_hal_cortex.o
                0x080044f6                HAL_SYSTICK_Config
 .text.HAL_DAC_Init
                0x0800450e       0x44 ./Drivers/STM32F4xx_HAL_Driver/Src/stm32f4xx_hal_dac.o
                0x0800450e                HAL_DAC_Init
 .text.HAL_DAC_IRQHandler
                0x08004552       0xac ./Drivers/STM32F4xx_HAL_Driver/Src/stm32f4xx_hal_dac.o
                0x08004552                HAL_DAC_IRQHandler
 .text.HAL_DAC_DMAUnderrunCallbackCh1
                0x080045fe       0x14 ./Drivers/STM32F4xx_HAL_Driver/Src/stm32f4xx_hal_dac.o
                0x080045fe                HAL_DAC_DMAUnderrunCallbackCh1
 .text.HAL_DAC_ConfigChannel
                0x08004612       0xb2 ./Drivers/STM32F4xx_HAL_Driver/Src/stm32f4xx_hal_dac.o
                0x08004612                HAL_DAC_ConfigChannel
 .text.HAL_DACEx_DMAUnderrunCallbackCh2
                0x080046c4       0x14 ./Drivers/STM32F4xx_HAL_Driver/Src/stm32f4xx_hal_dac_ex.o
                0x080046c4                HAL_DACEx_DMAUnderrunCallbackCh2
 .text.HAL_DMA_Abort
                0x080046d8       0xe0 ./Drivers/STM32F4xx_HAL_Driver/Src/stm32f4xx_hal_dma.o
                0x080046d8                HAL_DMA_Abort
 .text.HAL_DMA_Abort_IT
                0x080047b8       0x44 ./Drivers/STM32F4xx_HAL_Driver/Src/stm32f4xx_hal_dma.o
                0x080047b8                HAL_DMA_Abort_IT
 .text.HAL_GPIO_Init
                0x080047fc      0x338 ./Drivers/STM32F4xx_HAL_Driver/Src/stm32f4xx_hal_gpio.o
                0x080047fc                HAL_GPIO_Init
 .text.HAL_GPIO_ReadPin
                0x08004b34       0x30 ./Drivers/STM32F4xx_HAL_Driver/Src/stm32f4xx_hal_gpio.o
                0x08004b34                HAL_GPIO_ReadPin
 .text.HAL_GPIO_WritePin
                0x08004b64       0x32 ./Drivers/STM32F4xx_HAL_Driver/Src/stm32f4xx_hal_gpio.o
                0x08004b64                HAL_GPIO_WritePin
 .text.HAL_GPIO_TogglePin
                0x08004b96       0x34 ./Drivers/STM32F4xx_HAL_Driver/Src/stm32f4xx_hal_gpio.o
                0x08004b96                HAL_GPIO_TogglePin
 *fill*         0x08004bca        0x2 
 .text.HAL_GPIO_EXTI_IRQHandler
                0x08004bcc       0x30 ./Drivers/STM32F4xx_HAL_Driver/Src/stm32f4xx_hal_gpio.o
                0x08004bcc                HAL_GPIO_EXTI_IRQHandler
 .text.HAL_I2C_Init
                0x08004bfc      0x288 ./Drivers/STM32F4xx_HAL_Driver/Src/stm32f4xx_hal_i2c.o
                0x08004bfc                HAL_I2C_Init
 .text.HAL_RCC_OscConfig
                0x08004e84      0x4f0 ./Drivers/STM32F4xx_HAL_Driver/Src/stm32f4xx_hal_rcc.o
                0x08004e84                HAL_RCC_OscConfig
 .text.HAL_RCC_ClockConfig
                0x08005374      0x1cc ./Drivers/STM32F4xx_HAL_Driver/Src/stm32f4xx_hal_rcc.o
                0x08005374                HAL_RCC_ClockConfig
 .text.HAL_RCC_GetSysClockFreq
                0x08005540      0x20c ./Drivers/STM32F4xx_HAL_Driver/Src/stm32f4xx_hal_rcc.o
                0x08005540                HAL_RCC_GetSysClockFreq
 .text.HAL_RCC_GetHCLKFreq
                0x0800574c       0x18 ./Drivers/STM32F4xx_HAL_Driver/Src/stm32f4xx_hal_rcc.o
                0x0800574c                HAL_RCC_GetHCLKFreq
 .text.HAL_RCC_GetPCLK1Freq
                0x08005764       0x28 ./Drivers/STM32F4xx_HAL_Driver/Src/stm32f4xx_hal_rcc.o
                0x08005764                HAL_RCC_GetPCLK1Freq
 .text.HAL_RCC_GetPCLK2Freq
                0x0800578c       0x28 ./Drivers/STM32F4xx_HAL_Driver/Src/stm32f4xx_hal_rcc.o
                0x0800578c                HAL_RCC_GetPCLK2Freq
 .text.HAL_SPI_Init
                0x080057b4      0x112 ./Drivers/STM32F4xx_HAL_Driver/Src/stm32f4xx_hal_spi.o
                0x080057b4                HAL_SPI_Init
 .text.HAL_SPI_Transmit
                0x080058c6      0x288 ./Drivers/STM32F4xx_HAL_Driver/Src/stm32f4xx_hal_spi.o
                0x080058c6                HAL_SPI_Transmit
 *fill*         0x08005b4e        0x2 
 .text.SPI_WaitFlagStateUntilTimeout
                0x08005b50      0x110 ./Drivers/STM32F4xx_HAL_Driver/Src/stm32f4xx_hal_spi.o
 .text.SPI_EndRxTxTransaction
                0x08005c60       0xa8 ./Drivers/STM32F4xx_HAL_Driver/Src/stm32f4xx_hal_spi.o
 .text.HAL_TIM_Base_Init
                0x08005d08       0x9e ./Drivers/STM32F4xx_HAL_Driver/Src/stm32f4xx_hal_tim.o
                0x08005d08                HAL_TIM_Base_Init
 *fill*         0x08005da6        0x2 
 .text.HAL_TIM_Base_Start_IT
                0x08005da8       0xe0 ./Drivers/STM32F4xx_HAL_Driver/Src/stm32f4xx_hal_tim.o
                0x08005da8                HAL_TIM_Base_Start_IT
 .text.HAL_TIM_PWM_Init
                0x08005e88       0x9e ./Drivers/STM32F4xx_HAL_Driver/Src/stm32f4xx_hal_tim.o
                0x08005e88                HAL_TIM_PWM_Init
 *fill*         0x08005f26        0x2 
 .text.HAL_TIM_PWM_Start
                0x08005f28      0x190 ./Drivers/STM32F4xx_HAL_Driver/Src/stm32f4xx_hal_tim.o
                0x08005f28                HAL_TIM_PWM_Start
 .text.HAL_TIM_IRQHandler
                0x080060b8      0x1e0 ./Drivers/STM32F4xx_HAL_Driver/Src/stm32f4xx_hal_tim.o
                0x080060b8                HAL_TIM_IRQHandler
 .text.HAL_TIM_PWM_ConfigChannel
                0x08006298      0x184 ./Drivers/STM32F4xx_HAL_Driver/Src/stm32f4xx_hal_tim.o
                0x08006298                HAL_TIM_PWM_ConfigChannel
 .text.HAL_TIM_ConfigClockSource
                0x0800641c      0x18e ./Drivers/STM32F4xx_HAL_Driver/Src/stm32f4xx_hal_tim.o
                0x0800641c                HAL_TIM_ConfigClockSource
 .text.HAL_TIM_OC_DelayElapsedCallback
                0x080065aa       0x14 ./Drivers/STM32F4xx_HAL_Driver/Src/stm32f4xx_hal_tim.o
                0x080065aa                HAL_TIM_OC_DelayElapsedCallback
 .text.HAL_TIM_IC_CaptureCallback
                0x080065be       0x14 ./Drivers/STM32F4xx_HAL_Driver/Src/stm32f4xx_hal_tim.o
                0x080065be                HAL_TIM_IC_CaptureCallback
 .text.HAL_TIM_PWM_PulseFinishedCallback
                0x080065d2       0x14 ./Drivers/STM32F4xx_HAL_Driver/Src/stm32f4xx_hal_tim.o
                0x080065d2                HAL_TIM_PWM_PulseFinishedCallback
 .text.HAL_TIM_TriggerCallback
                0x080065e6       0x14 ./Drivers/STM32F4xx_HAL_Driver/Src/stm32f4xx_hal_tim.o
                0x080065e6                HAL_TIM_TriggerCallback
 *fill*         0x080065fa        0x2 
 .text.TIM_Base_SetConfig
                0x080065fc      0x14c ./Drivers/STM32F4xx_HAL_Driver/Src/stm32f4xx_hal_tim.o
                0x080065fc                TIM_Base_SetConfig
 .text.TIM_OC1_SetConfig
                0x08006748       0xe0 ./Drivers/STM32F4xx_HAL_Driver/Src/stm32f4xx_hal_tim.o
 .text.TIM_OC2_SetConfig
                0x08006828       0xec ./Drivers/STM32F4xx_HAL_Driver/Src/stm32f4xx_hal_tim.o
                0x08006828                TIM_OC2_SetConfig
 .text.TIM_OC3_SetConfig
                0x08006914       0xe8 ./Drivers/STM32F4xx_HAL_Driver/Src/stm32f4xx_hal_tim.o
 .text.TIM_OC4_SetConfig
                0x080069fc       0xac ./Drivers/STM32F4xx_HAL_Driver/Src/stm32f4xx_hal_tim.o
 .text.TIM_TI1_ConfigInputStage
                0x08006aa8       0x5e ./Drivers/STM32F4xx_HAL_Driver/Src/stm32f4xx_hal_tim.o
 .text.TIM_TI2_ConfigInputStage
                0x08006b06       0x60 ./Drivers/STM32F4xx_HAL_Driver/Src/stm32f4xx_hal_tim.o
 .text.TIM_ITRx_SetConfig
                0x08006b66       0x36 ./Drivers/STM32F4xx_HAL_Driver/Src/stm32f4xx_hal_tim.o
 .text.TIM_ETR_SetConfig
                0x08006b9c       0x40 ./Drivers/STM32F4xx_HAL_Driver/Src/stm32f4xx_hal_tim.o
                0x08006b9c                TIM_ETR_SetConfig
 .text.TIM_CCxChannelCmd
                0x08006bdc       0x4a ./Drivers/STM32F4xx_HAL_Driver/Src/stm32f4xx_hal_tim.o
                0x08006bdc                TIM_CCxChannelCmd
 *fill*         0x08006c26        0x2 
 .text.HAL_TIMEx_PWMN_Start
                0x08006c28      0x174 ./Drivers/STM32F4xx_HAL_Driver/Src/stm32f4xx_hal_tim_ex.o
                0x08006c28                HAL_TIMEx_PWMN_Start
 .text.HAL_TIMEx_MasterConfigSynchronization
                0x08006d9c       0xf8 ./Drivers/STM32F4xx_HAL_Driver/Src/stm32f4xx_hal_tim_ex.o
                0x08006d9c                HAL_TIMEx_MasterConfigSynchronization
 .text.HAL_TIMEx_ConfigBreakDeadTime
                0x08006e94       0xa4 ./Drivers/STM32F4xx_HAL_Driver/Src/stm32f4xx_hal_tim_ex.o
                0x08006e94                HAL_TIMEx_ConfigBreakDeadTime
 .text.HAL_TIMEx_CommutCallback
                0x08006f38       0x14 ./Drivers/STM32F4xx_HAL_Driver/Src/stm32f4xx_hal_tim_ex.o
                0x08006f38                HAL_TIMEx_CommutCallback
 .text.HAL_TIMEx_BreakCallback
                0x08006f4c       0x14 ./Drivers/STM32F4xx_HAL_Driver/Src/stm32f4xx_hal_tim_ex.o
                0x08006f4c                HAL_TIMEx_BreakCallback
 .text.TIM_CCxNChannelCmd
                0x08006f60       0x4a ./Drivers/STM32F4xx_HAL_Driver/Src/stm32f4xx_hal_tim_ex.o
 .text.HAL_UART_Init
                0x08006faa       0xa0 ./Drivers/STM32F4xx_HAL_Driver/Src/stm32f4xx_hal_uart.o
                0x08006faa                HAL_UART_Init
 .text.HAL_UART_Transmit
                0x0800704a      0x116 ./Drivers/STM32F4xx_HAL_Driver/Src/stm32f4xx_hal_uart.o
                0x0800704a                HAL_UART_Transmit
 .text.HAL_UART_Receive_IT
                0x08007160       0x4a ./Drivers/STM32F4xx_HAL_Driver/Src/stm32f4xx_hal_uart.o
                0x08007160                HAL_UART_Receive_IT
 *fill*         0x080071aa        0x2 
 .text.HAL_UART_IRQHandler
                0x080071ac      0x554 ./Drivers/STM32F4xx_HAL_Driver/Src/stm32f4xx_hal_uart.o
                0x080071ac                HAL_UART_IRQHandler
 .text.HAL_UART_TxCpltCallback
                0x08007700       0x14 ./Drivers/STM32F4xx_HAL_Driver/Src/stm32f4xx_hal_uart.o
                0x08007700                HAL_UART_TxCpltCallback
 .text.HAL_UART_ErrorCallback
                0x08007714       0x14 ./Drivers/STM32F4xx_HAL_Driver/Src/stm32f4xx_hal_uart.o
                0x08007714                HAL_UART_ErrorCallback
 .text.HAL_UARTEx_RxEventCallback
                0x08007728       0x18 ./Drivers/STM32F4xx_HAL_Driver/Src/stm32f4xx_hal_uart.o
                0x08007728                HAL_UARTEx_RxEventCallback
 .text.UART_WaitOnFlagUntilTimeout
                0x08007740       0xb2 ./Drivers/STM32F4xx_HAL_Driver/Src/stm32f4xx_hal_uart.o
 .text.UART_Start_Receive_IT
                0x080077f2       0x74 ./Drivers/STM32F4xx_HAL_Driver/Src/stm32f4xx_hal_uart.o
                0x080077f2                UART_Start_Receive_IT
 .text.UART_EndRxTransfer
                0x08007866       0xc6 ./Drivers/STM32F4xx_HAL_Driver/Src/stm32f4xx_hal_uart.o
 .text.UART_DMAAbortOnError
                0x0800792c       0x22 ./Drivers/STM32F4xx_HAL_Driver/Src/stm32f4xx_hal_uart.o
 .text.UART_Transmit_IT
                0x0800794e       0xa0 ./Drivers/STM32F4xx_HAL_Driver/Src/stm32f4xx_hal_uart.o
 .text.UART_EndTransmit_IT
                0x080079ee       0x30 ./Drivers/STM32F4xx_HAL_Driver/Src/stm32f4xx_hal_uart.o
 .text.UART_Receive_IT
                0x08007a1e      0x17c ./Drivers/STM32F4xx_HAL_Driver/Src/stm32f4xx_hal_uart.o
 *fill*         0x08007b9a        0x2 
 .text.UART_SetConfig
                0x08007b9c      0x4e8 ./Drivers/STM32F4xx_HAL_Driver/Src/stm32f4xx_hal_uart.o
 .text.__cvt    0x08008084       0xca D:/STM32CubeIDE_2.0.0/STM32CubeIDE/plugins/com.st.stm32cube.ide.mcu.externaltools.gnu-tools-for-stm32.13.3.rel1.win32_1.0.100.202509120712/tools/bin/../lib/gcc/arm-none-eabi/13.3.1/../../../../arm-none-eabi/lib/thumb/v7e-m+fp/hard\libc_nano.a(libc_a-nano-vfprintf_float.o)
                0x08008084                __cvt
 .text.__exponent
                0x0800814e       0x74 D:/STM32CubeIDE_2.0.0/STM32CubeIDE/plugins/com.st.stm32cube.ide.mcu.externaltools.gnu-tools-for-stm32.13.3.rel1.win32_1.0.100.202509120712/tools/bin/../lib/gcc/arm-none-eabi/13.3.1/../../../../arm-none-eabi/lib/thumb/v7e-m+fp/hard\libc_nano.a(libc_a-nano-vfprintf_float.o)
                0x0800814e                __exponent
 *fill*         0x080081c2        0x2 
 .text._printf_float
                0x080081c4      0x454 D:/STM32CubeIDE_2.0.0/STM32CubeIDE/plugins/com.st.stm32cube.ide.mcu.externaltools.gnu-tools-for-stm32.13.3.rel1.win32_1.0.100.202509120712/tools/bin/../lib/gcc/arm-none-eabi/13.3.1/../../../../arm-none-eabi/lib/thumb/v7e-m+fp/hard\libc_nano.a(libc_a-nano-vfprintf_float.o)
                0x080081c4                _printf_float
 .text._printf_common
                0x08008618       0xda D:/STM32CubeIDE_2.0.0/STM32CubeIDE/plugins/com.st.stm32cube.ide.mcu.externaltools.gnu-tools-for-stm32.13.3.rel1.win32_1.0.100.202509120712/tools/bin/../lib/gcc/arm-none-eabi/13.3.1/../../../../arm-none-eabi/lib/thumb/v7e-m+fp/hard\libc_nano.a(libc_a-nano-vfprintf_i.o)
                0x08008618                _printf_common
 *fill*         0x080086f2        0x2 
 .text._printf_i
                0x080086f4      0x23c D:/STM32CubeIDE_2.0.0/STM32CubeIDE/plugins/com.st.stm32cube.ide.mcu.externaltools.gnu-tools-for-stm32.13.3.rel1.win32_1.0.100.202509120712/tools/bin/../lib/gcc/arm-none-eabi/13.3.1/../../../../arm-none-eabi/lib/thumb/v7e-m+fp/hard\libc_nano.a(libc_a-nano-vfprintf_i.o)
                0x080086f4                _printf_i
 .text.std      0x08008930       0x6c D:/STM32CubeIDE_2.0.0/STM32CubeIDE/plugins/com.st.stm32cube.ide.mcu.externaltools.gnu-tools-for-stm32.13.3.rel1.win32_1.0.100.202509120712/tools/bin/../lib/gcc/arm-none-eabi/13.3.1/../../../../arm-none-eabi/lib/thumb/v7e-m+fp/hard\libc_nano.a(libc_a-findfp.o)
 .text.stdio_exit_handler
                0x0800899c       0x18 D:/STM32CubeIDE_2.0.0/STM32CubeIDE/plugins/com.st.stm32cube.ide.mcu.externaltools.gnu-tools-for-stm32.13.3.rel1.win32_1.0.100.202509120712/tools/bin/../lib/gcc/arm-none-eabi/13.3.1/../../../../arm-none-eabi/lib/thumb/v7e-m+fp/hard\libc_nano.a(libc_a-findfp.o)
 .text.cleanup_stdio
                0x080089b4       0x40 D:/STM32CubeIDE_2.0.0/STM32CubeIDE/plugins/com.st.stm32cube.ide.mcu.externaltools.gnu-tools-for-stm32.13.3.rel1.win32_1.0.100.202509120712/tools/bin/../lib/gcc/arm-none-eabi/13.3.1/../../../../arm-none-eabi/lib/thumb/v7e-m+fp/hard\libc_nano.a(libc_a-findfp.o)
 .text.global_stdio_init.part.0
                0x080089f4       0x3c D:/STM32CubeIDE_2.0.0/STM32CubeIDE/plugins/com.st.stm32cube.ide.mcu.externaltools.gnu-tools-for-stm32.13.3.rel1.win32_1.0.100.202509120712/tools/bin/../lib/gcc/arm-none-eabi/13.3.1/../../../../arm-none-eabi/lib/thumb/v7e-m+fp/hard\libc_nano.a(libc_a-findfp.o)
 .text.__sfp_lock_acquire
                0x08008a30        0xc D:/STM32CubeIDE_2.0.0/STM32CubeIDE/plugins/com.st.stm32cube.ide.mcu.externaltools.gnu-tools-for-stm32.13.3.rel1.win32_1.0.100.202509120712/tools/bin/../lib/gcc/arm-none-eabi/13.3.1/../../../../arm-none-eabi/lib/thumb/v7e-m+fp/hard\libc_nano.a(libc_a-findfp.o)
                0x08008a30                __sfp_lock_acquire
 .text.__sfp_lock_release
                0x08008a3c        0xc D:/STM32CubeIDE_2.0.0/STM32CubeIDE/plugins/com.st.stm32cube.ide.mcu.externaltools.gnu-tools-for-stm32.13.3.rel1.win32_1.0.100.202509120712/tools/bin/../lib/gcc/arm-none-eabi/13.3.1/../../../../arm-none-eabi/lib/thumb/v7e-m+fp/hard\libc_nano.a(libc_a-findfp.o)
                0x08008a3c                __sfp_lock_release
 .text.__sinit  0x08008a48       0x30 D:/STM32CubeIDE_2.0.0/STM32CubeIDE/plugins/com.st.stm32cube.ide.mcu.externaltools.gnu-tools-for-stm32.13.3.rel1.win32_1.0.100.202509120712/tools/bin/../lib/gcc/arm-none-eabi/13.3.1/../../../../arm-none-eabi/lib/thumb/v7e-m+fp/hard\libc_nano.a(libc_a-findfp.o)
                0x08008a48                __sinit
 .text._fwalk_sglue
                0x08008a78       0x3c D:/STM32CubeIDE_2.0.0/STM32CubeIDE/plugins/com.st.stm32cube.ide.mcu.externaltools.gnu-tools-for-stm32.13.3.rel1.win32_1.0.100.202509120712/tools/bin/../lib/gcc/arm-none-eabi/13.3.1/../../../../arm-none-eabi/lib/thumb/v7e-m+fp/hard\libc_nano.a(libc_a-fwalk.o)
                0x08008a78                _fwalk_sglue
 .text.printf   0x08008ab4       0x24 D:/STM32CubeIDE_2.0.0/STM32CubeIDE/plugins/com.st.stm32cube.ide.mcu.externaltools.gnu-tools-for-stm32.13.3.rel1.win32_1.0.100.202509120712/tools/bin/../lib/gcc/arm-none-eabi/13.3.1/../../../../arm-none-eabi/lib/thumb/v7e-m+fp/hard\libc_nano.a(libc_a-printf.o)
                0x08008ab4                iprintf
                0x08008ab4                printf
 .text.snprintf
                0x08008ad8       0x6c D:/STM32CubeIDE_2.0.0/STM32CubeIDE/plugins/com.st.stm32cube.ide.mcu.externaltools.gnu-tools-for-stm32.13.3.rel1.win32_1.0.100.202509120712/tools/bin/../lib/gcc/arm-none-eabi/13.3.1/../../../../arm-none-eabi/lib/thumb/v7e-m+fp/hard\libc_nano.a(libc_a-snprintf.o)
                0x08008ad8                sniprintf
                0x08008ad8                snprintf
 .text.__sread  0x08008b44       0x22 D:/STM32CubeIDE_2.0.0/STM32CubeIDE/plugins/com.st.stm32cube.ide.mcu.externaltools.gnu-tools-for-stm32.13.3.rel1.win32_1.0.100.202509120712/tools/bin/../lib/gcc/arm-none-eabi/13.3.1/../../../../arm-none-eabi/lib/thumb/v7e-m+fp/hard\libc_nano.a(libc_a-stdio.o)
                0x08008b44                __sread
 .text.__swrite
                0x08008b66       0x38 D:/STM32CubeIDE_2.0.0/STM32CubeIDE/plugins/com.st.stm32cube.ide.mcu.externaltools.gnu-tools-for-stm32.13.3.rel1.win32_1.0.100.202509120712/tools/bin/../lib/gcc/arm-none-eabi/13.3.1/../../../../arm-none-eabi/lib/thumb/v7e-m+fp/hard\libc_nano.a(libc_a-stdio.o)
                0x08008b66                __swrite
 .text.__sseek  0x08008b9e       0x24 D:/STM32CubeIDE_2.0.0/STM32CubeIDE/plugins/com.st.stm32cube.ide.mcu.externaltools.gnu-tools-for-stm32.13.3.rel1.win32_1.0.100.202509120712/tools/bin/../lib/gcc/arm-none-eabi/13.3.1/../../../../arm-none-eabi/lib/thumb/v7e-m+fp/hard\libc_nano.a(libc_a-stdio.o)
                0x08008b9e                __sseek
 .text.__sclose
                0x08008bc2        0x8 D:/STM32CubeIDE_2.0.0/STM32CubeIDE/plugins/com.st.stm32cube.ide.mcu.externaltools.gnu-tools-for-stm32.13.3.rel1.win32_1.0.100.202509120712/tools/bin/../lib/gcc/arm-none-eabi/13.3.1/../../../../arm-none-eabi/lib/thumb/v7e-m+fp/hard\libc_nano.a(libc_a-stdio.o)
                0x08008bc2                __sclose
 .text.memset   0x08008bca       0x10 D:/STM32CubeIDE_2.0.0/STM32CubeIDE/plugins/com.st.stm32cube.ide.mcu.externaltools.gnu-tools-for-stm32.13.3.rel1.win32_1.0.100.202509120712/tools/bin/../lib/gcc/arm-none-eabi/13.3.1/../../../../arm-none-eabi/lib/thumb/v7e-m+fp/hard\libc_nano.a(libc_a-memset.o)
                0x08008bca                memset
 *fill*         0x08008bda        0x2 
 .text._localeconv_r
                0x08008bdc        0x8 D:/STM32CubeIDE_2.0.0/STM32CubeIDE/plugins/com.st.stm32cube.ide.mcu.externaltools.gnu-tools-for-stm32.13.3.rel1.win32_1.0.100.202509120712/tools/bin/../lib/gcc/arm-none-eabi/13.3.1/../../../../arm-none-eabi/lib/thumb/v7e-m+fp/hard\libc_nano.a(libc_a-localeconv.o)
                0x08008bdc                _localeconv_r
 .text._close_r
                0x08008be4       0x20 D:/STM32CubeIDE_2.0.0/STM32CubeIDE/plugins/com.st.stm32cube.ide.mcu.externaltools.gnu-tools-for-stm32.13.3.rel1.win32_1.0.100.202509120712/tools/bin/../lib/gcc/arm-none-eabi/13.3.1/../../../../arm-none-eabi/lib/thumb/v7e-m+fp/hard\libc_nano.a(libc_a-closer.o)
                0x08008be4                _close_r
 .text._lseek_r
                0x08008c04       0x24 D:/STM32CubeIDE_2.0.0/STM32CubeIDE/plugins/com.st.stm32cube.ide.mcu.externaltools.gnu-tools-for-stm32.13.3.rel1.win32_1.0.100.202509120712/tools/bin/../lib/gcc/arm-none-eabi/13.3.1/../../../../arm-none-eabi/lib/thumb/v7e-m+fp/hard\libc_nano.a(libc_a-lseekr.o)
                0x08008c04                _lseek_r
 .text._read_r  0x08008c28       0x24 D:/STM32CubeIDE_2.0.0/STM32CubeIDE/plugins/com.st.stm32cube.ide.mcu.externaltools.gnu-tools-for-stm32.13.3.rel1.win32_1.0.100.202509120712/tools/bin/../lib/gcc/arm-none-eabi/13.3.1/../../../../arm-none-eabi/lib/thumb/v7e-m+fp/hard\libc_nano.a(libc_a-readr.o)
                0x08008c28                _read_r
 .text._write_r
                0x08008c4c       0x24 D:/STM32CubeIDE_2.0.0/STM32CubeIDE/plugins/com.st.stm32cube.ide.mcu.externaltools.gnu-tools-for-stm32.13.3.rel1.win32_1.0.100.202509120712/tools/bin/../lib/gcc/arm-none-eabi/13.3.1/../../../../arm-none-eabi/lib/thumb/v7e-m+fp/hard\libc_nano.a(libc_a-writer.o)
                0x08008c4c                _write_r
 .text.__errno  0x08008c70        0xc D:/STM32CubeIDE_2.0.0/STM32CubeIDE/plugins/com.st.stm32cube.ide.mcu.externaltools.gnu-tools-for-stm32.13.3.rel1.win32_1.0.100.202509120712/tools/bin/../lib/gcc/arm-none-eabi/13.3.1/../../../../arm-none-eabi/lib/thumb/v7e-m+fp/hard\libc_nano.a(libc_a-errno.o)
                0x08008c70                __errno
 .text.__libc_init_array
                0x08008c7c       0x48 D:/STM32CubeIDE_2.0.0/STM32CubeIDE/plugins/com.st.stm32cube.ide.mcu.externaltools.gnu-tools-for-stm32.13.3.rel1.win32_1.0.100.202509120712/tools/bin/../lib/gcc/arm-none-eabi/13.3.1/../../../../arm-none-eabi/lib/thumb/v7e-m+fp/hard\libc_nano.a(libc_a-init.o)
                0x08008c7c                __libc_init_array
 .text.__retarget_lock_init_recursive
                0x08008cc4        0x2 D:/STM32CubeIDE_2.0.0/STM32CubeIDE/plugins/com.st.stm32cube.ide.mcu.externaltools.gnu-tools-for-stm32.13.3.rel1.win32_1.0.100.202509120712/tools/bin/../lib/gcc/arm-none-eabi/13.3.1/../../../../arm-none-eabi/lib/thumb/v7e-m+fp/hard\libc_nano.a(libc_a-lock.o)
                0x08008cc4                __retarget_lock_init_recursive
 .text.__retarget_lock_acquire_recursive
                0x08008cc6        0x2 D:/STM32CubeIDE_2.0.0/STM32CubeIDE/plugins/com.st.stm32cube.ide.mcu.externaltools.gnu-tools-for-stm32.13.3.rel1.win32_1.0.100.202509120712/tools/bin/../lib/gcc/arm-none-eabi/13.3.1/../../../../arm-none-eabi/lib/thumb/v7e-m+fp/hard\libc_nano.a(libc_a-lock.o)
                0x08008cc6                __retarget_lock_acquire_recursive
 .text.__retarget_lock_release_recursive
                0x08008cc8        0x2 D:/STM32CubeIDE_2.0.0/STM32CubeIDE/plugins/com.st.stm32cube.ide.mcu.externaltools.gnu-tools-for-stm32.13.3.rel1.win32_1.0.100.202509120712/tools/bin/../lib/gcc/arm-none-eabi/13.3.1/../../../../arm-none-eabi/lib/thumb/v7e-m+fp/hard\libc_nano.a(libc_a-lock.o)
                0x08008cc8                __retarget_lock_release_recursive
 .text.quorem   0x08008cca      0x110 D:/STM32CubeIDE_2.0.0/STM32CubeIDE/plugins/com.st.stm32cube.ide.mcu.externaltools.gnu-tools-for-stm32.13.3.rel1.win32_1.0.100.202509120712/tools/bin/../lib/gcc/arm-none-eabi/13.3.1/../../../../arm-none-eabi/lib/thumb/v7e-m+fp/hard\libc_nano.a(libc_a-dtoa.o)
 *fill*         0x08008dda        0x6 
 .text._dtoa_r  0x08008de0      0xba0 D:/STM32CubeIDE_2.0.0/STM32CubeIDE/plugins/com.st.stm32cube.ide.mcu.externaltools.gnu-tools-for-stm32.13.3.rel1.win32_1.0.100.202509120712/tools/bin/../lib/gcc/arm-none-eabi/13.3.1/../../../../arm-none-eabi/lib/thumb/v7e-m+fp/hard\libc_nano.a(libc_a-dtoa.o)
                0x08008de0                _dtoa_r
 .text._free_r  0x08009980       0x94 D:/STM32CubeIDE_2.0.0/STM32CubeIDE/plugins/com.st.stm32cube.ide.mcu.externaltools.gnu-tools-for-stm32.13.3.rel1.win32_1.0.100.202509120712/tools/bin/../lib/gcc/arm-none-eabi/13.3.1/../../../../arm-none-eabi/lib/thumb/v7e-m+fp/hard\libc_nano.a(libc_a-freer.o)
                0x08009980                _free_r
 .text.malloc   0x08009a14       0x10 D:/STM32CubeIDE_2.0.0/STM32CubeIDE/plugins/com.st.stm32cube.ide.mcu.externaltools.gnu-tools-for-stm32.13.3.rel1.win32_1.0.100.202509120712/tools/bin/../lib/gcc/arm-none-eabi/13.3.1/../../../../arm-none-eabi/lib/thumb/v7e-m+fp/hard\libc_nano.a(libc_a-malloc.o)
                0x08009a14                malloc
 .text.sbrk_aligned
                0x08009a24       0x44 D:/STM32CubeIDE_2.0.0/STM32CubeIDE/plugins/com.st.stm32cube.ide.mcu.externaltools.gnu-tools-for-stm32.13.3.rel1.win32_1.0.100.202509120712/tools/bin/../lib/gcc/arm-none-eabi/13.3.1/../../../../arm-none-eabi/lib/thumb/v7e-m+fp/hard\libc_nano.a(libc_a-mallocr.o)
 .text._malloc_r
                0x08009a68      0x100 D:/STM32CubeIDE_2.0.0/STM32CubeIDE/plugins/com.st.stm32cube.ide.mcu.externaltools.gnu-tools-for-stm32.13.3.rel1.win32_1.0.100.202509120712/tools/bin/../lib/gcc/arm-none-eabi/13.3.1/../../../../arm-none-eabi/lib/thumb/v7e-m+fp/hard\libc_nano.a(libc_a-mallocr.o)
                0x08009a68                _malloc_r
 .text.__malloc_lock
                0x08009b68        0xc D:/STM32CubeIDE_2.0.0/STM32CubeIDE/plugins/com.st.stm32cube.ide.mcu.externaltools.gnu-tools-for-stm32.13.3.rel1.win32_1.0.100.202509120712/tools/bin/../lib/gcc/arm-none-eabi/13.3.1/../../../../arm-none-eabi/lib/thumb/v7e-m+fp/hard\libc_nano.a(libc_a-mlock.o)
                0x08009b68                __malloc_lock
 .text.__malloc_unlock
                0x08009b74        0xc D:/STM32CubeIDE_2.0.0/STM32CubeIDE/plugins/com.st.stm32cube.ide.mcu.externaltools.gnu-tools-for-stm32.13.3.rel1.win32_1.0.100.202509120712/tools/bin/../lib/gcc/arm-none-eabi/13.3.1/../../../../arm-none-eabi/lib/thumb/v7e-m+fp/hard\libc_nano.a(libc_a-mlock.o)
                0x08009b74                __malloc_unlock
 .text._Balloc  0x08009b80       0x80 D:/STM32CubeIDE_2.0.0/STM32CubeIDE/plugins/com.st.stm32cube.ide.mcu.externaltools.gnu-tools-for-stm32.13.3.rel1.win32_1.0.100.202509120712/tools/bin/../lib/gcc/arm-none-eabi/13.3.1/../../../../arm-none-eabi/lib/thumb/v7e-m+fp/hard\libc_nano.a(libc_a-mprec.o)
                0x08009b80                _Balloc
 .text._Bfree   0x08009c00       0x44 D:/STM32CubeIDE_2.0.0/STM32CubeIDE/plugins/com.st.stm32cube.ide.mcu.externaltools.gnu-tools-for-stm32.13.3.rel1.win32_1.0.100.202509120712/tools/bin/../lib/gcc/arm-none-eabi/13.3.1/../../../../arm-none-eabi/lib/thumb/v7e-m+fp/hard\libc_nano.a(libc_a-mprec.o)
                0x08009c00                _Bfree
 .text.__multadd
                0x08009c44       0x8c D:/STM32CubeIDE_2.0.0/STM32CubeIDE/plugins/com.st.stm32cube.ide.mcu.externaltools.gnu-tools-for-stm32.13.3.rel1.win32_1.0.100.202509120712/tools/bin/../lib/gcc/arm-none-eabi/13.3.1/../../../../arm-none-eabi/lib/thumb/v7e-m+fp/hard\libc_nano.a(libc_a-mprec.o)
                0x08009c44                __multadd
 .text.__hi0bits
                0x08009cd0       0x3e D:/STM32CubeIDE_2.0.0/STM32CubeIDE/plugins/com.st.stm32cube.ide.mcu.externaltools.gnu-tools-for-stm32.13.3.rel1.win32_1.0.100.202509120712/tools/bin/../lib/gcc/arm-none-eabi/13.3.1/../../../../arm-none-eabi/lib/thumb/v7e-m+fp/hard\libc_nano.a(libc_a-mprec.o)
                0x08009cd0                __hi0bits
 .text.__lo0bits
                0x08009d0e       0x5a D:/STM32CubeIDE_2.0.0/STM32CubeIDE/plugins/com.st.stm32cube.ide.mcu.externaltools.gnu-tools-for-stm32.13.3.rel1.win32_1.0.100.202509120712/tools/bin/../lib/gcc/arm-none-eabi/13.3.1/../../../../arm-none-eabi/lib/thumb/v7e-m+fp/hard\libc_nano.a(libc_a-mprec.o)
                0x08009d0e                __lo0bits
 .text.__i2b    0x08009d68       0x2c D:/STM32CubeIDE_2.0.0/STM32CubeIDE/plugins/com.st.stm32cube.ide.mcu.externaltools.gnu-tools-for-stm32.13.3.rel1.win32_1.0.100.202509120712/tools/bin/../lib/gcc/arm-none-eabi/13.3.1/../../../../arm-none-eabi/lib/thumb/v7e-m+fp/hard\libc_nano.a(libc_a-mprec.o)
                0x08009d68                __i2b
 .text.__multiply
                0x08009d94      0x144 D:/STM32CubeIDE_2.0.0/STM32CubeIDE/plugins/com.st.stm32cube.ide.mcu.externaltools.gnu-tools-for-stm32.13.3.rel1.win32_1.0.100.202509120712/tools/bin/../lib/gcc/arm-none-eabi/13.3.1/../../../../arm-none-eabi/lib/thumb/v7e-m+fp/hard\libc_nano.a(libc_a-mprec.o)
                0x08009d94                __multiply
 .text.__pow5mult
                0x08009ed8       0xb4 D:/STM32CubeIDE_2.0.0/STM32CubeIDE/plugins/com.st.stm32cube.ide.mcu.externaltools.gnu-tools-for-stm32.13.3.rel1.win32_1.0.100.202509120712/tools/bin/../lib/gcc/arm-none-eabi/13.3.1/../../../../arm-none-eabi/lib/thumb/v7e-m+fp/hard\libc_nano.a(libc_a-mprec.o)
                0x08009ed8                __pow5mult
 .text.__lshift
                0x08009f8c       0xd8 D:/STM32CubeIDE_2.0.0/STM32CubeIDE/plugins/com.st.stm32cube.ide.mcu.externaltools.gnu-tools-for-stm32.13.3.rel1.win32_1.0.100.202509120712/tools/bin/../lib/gcc/arm-none-eabi/13.3.1/../../../../arm-none-eabi/lib/thumb/v7e-m+fp/hard\libc_nano.a(libc_a-mprec.o)
                0x08009f8c                __lshift
 .text.__mcmp   0x0800a064       0x36 D:/STM32CubeIDE_2.0.0/STM32CubeIDE/plugins/com.st.stm32cube.ide.mcu.externaltools.gnu-tools-for-stm32.13.3.rel1.win32_1.0.100.202509120712/tools/bin/../lib/gcc/arm-none-eabi/13.3.1/../../../../arm-none-eabi/lib/thumb/v7e-m+fp/hard\libc_nano.a(libc_a-mprec.o)
                0x0800a064                __mcmp
 *fill*         0x0800a09a        0x2 
 .text.__mdiff  0x0800a09c      0x128 D:/STM32CubeIDE_2.0.0/STM32CubeIDE/plugins/com.st.stm32cube.ide.mcu.externaltools.gnu-tools-for-stm32.13.3.rel1.win32_1.0.100.202509120712/tools/bin/../lib/gcc/arm-none-eabi/13.3.1/../../../../arm-none-eabi/lib/thumb/v7e-m+fp/hard\libc_nano.a(libc_a-mprec.o)
                0x0800a09c                __mdiff
 .text.__d2b    0x0800a1c4       0xb0 D:/STM32CubeIDE_2.0.0/STM32CubeIDE/plugins/com.st.stm32cube.ide.mcu.externaltools.gnu-tools-for-stm32.13.3.rel1.win32_1.0.100.202509120712/tools/bin/../lib/gcc/arm-none-eabi/13.3.1/../../../../arm-none-eabi/lib/thumb/v7e-m+fp/hard\libc_nano.a(libc_a-mprec.o)
                0x0800a1c4                __d2b
 .text.__ssputs_r
                0x0800a274       0xb6 D:/STM32CubeIDE_2.0.0/STM32CubeIDE/plugins/com.st.stm32cube.ide.mcu.externaltools.gnu-tools-for-stm32.13.3.rel1.win32_1.0.100.202509120712/tools/bin/../lib/gcc/arm-none-eabi/13.3.1/../../../../arm-none-eabi/lib/thumb/v7e-m+fp/hard\libc_nano.a(libc_a-nano-svfprintf.o)
                0x0800a274                __ssputs_r
 *fill*         0x0800a32a        0x2 
 .text._svfprintf_r
                0x0800a32c      0x1f8 D:/STM32CubeIDE_2.0.0/STM32CubeIDE/plugins/com.st.stm32cube.ide.mcu.externaltools.gnu-tools-for-stm32.13.3.rel1.win32_1.0.100.202509120712/tools/bin/../lib/gcc/arm-none-eabi/13.3.1/../../../../arm-none-eabi/lib/thumb/v7e-m+fp/hard\libc_nano.a(libc_a-nano-svfprintf.o)
                0x0800a32c                _svfiprintf_r
                0x0800a32c                _svfprintf_r
 .text.__sfputc_r
                0x0800a524       0x2e D:/STM32CubeIDE_2.0.0/STM32CubeIDE/plugins/com.st.stm32cube.ide.mcu.externaltools.gnu-tools-for-stm32.13.3.rel1.win32_1.0.100.202509120712/tools/bin/../lib/gcc/arm-none-eabi/13.3.1/../../../../arm-none-eabi/lib/thumb/v7e-m+fp/hard\libc_nano.a(libc_a-nano-vfprintf.o)
 .text.__sfputs_r
                0x0800a552       0x24 D:/STM32CubeIDE_2.0.0/STM32CubeIDE/plugins/com.st.stm32cube.ide.mcu.externaltools.gnu-tools-for-stm32.13.3.rel1.win32_1.0.100.202509120712/tools/bin/../lib/gcc/arm-none-eabi/13.3.1/../../../../arm-none-eabi/lib/thumb/v7e-m+fp/hard\libc_nano.a(libc_a-nano-vfprintf.o)
                0x0800a552                __sfputs_r
 *fill*         0x0800a576        0x2 
 .text._vfprintf_r
                0x0800a578      0x230 D:/STM32CubeIDE_2.0.0/STM32CubeIDE/plugins/com.st.stm32cube.ide.mcu.externaltools.gnu-tools-for-stm32.13.3.rel1.win32_1.0.100.202509120712/tools/bin/../lib/gcc/arm-none-eabi/13.3.1/../../../../arm-none-eabi/lib/thumb/v7e-m+fp/hard\libc_nano.a(libc_a-nano-vfprintf.o)
                0x0800a578                _vfprintf_r
                0x0800a578                _vfiprintf_r
 .text.__sflush_r
                0x0800a7a8      0x108 D:/STM32CubeIDE_2.0.0/STM32CubeIDE/plugins/com.st.stm32cube.ide.mcu.externaltools.gnu-tools-for-stm32.13.3.rel1.win32_1.0.100.202509120712/tools/bin/../lib/gcc/arm-none-eabi/13.3.1/../../../../arm-none-eabi/lib/thumb/v7e-m+fp/hard\libc_nano.a(libc_a-fflush.o)
                0x0800a7a8                __sflush_r
 .text._fflush_r
                0x0800a8b0       0x50 D:/STM32CubeIDE_2.0.0/STM32CubeIDE/plugins/com.st.stm32cube.ide.mcu.externaltools.gnu-tools-for-stm32.13.3.rel1.win32_1.0.100.202509120712/tools/bin/../lib/gcc/arm-none-eabi/13.3.1/../../../../arm-none-eabi/lib/thumb/v7e-m+fp/hard\libc_nano.a(libc_a-fflush.o)
                0x0800a8b0                _fflush_r
 .text.__swbuf_r
                0x0800a900       0x7c D:/STM32CubeIDE_2.0.0/STM32CubeIDE/plugins/com.st.stm32cube.ide.mcu.externaltools.gnu-tools-for-stm32.13.3.rel1.win32_1.0.100.202509120712/tools/bin/../lib/gcc/arm-none-eabi/13.3.1/../../../../arm-none-eabi/lib/thumb/v7e-m+fp/hard\libc_nano.a(libc_a-wbuf.o)
                0x0800a900                __swbuf_r
 .text.__swsetup_r
                0x0800a97c       0xac D:/STM32CubeIDE_2.0.0/STM32CubeIDE/plugins/com.st.stm32cube.ide.mcu.externaltools.gnu-tools-for-stm32.13.3.rel1.win32_1.0.100.202509120712/tools/bin/../lib/gcc/arm-none-eabi/13.3.1/../../../../arm-none-eabi/lib/thumb/v7e-m+fp/hard\libc_nano.a(libc_a-wsetup.o)
                0x0800a97c                __swsetup_r
 .text.memmove  0x0800aa28       0x34 D:/STM32CubeIDE_2.0.0/STM32CubeIDE/plugins/com.st.stm32cube.ide.mcu.externaltools.gnu-tools-for-stm32.13.3.rel1.win32_1.0.100.202509120712/tools/bin/../lib/gcc/arm-none-eabi/13.3.1/../../../../arm-none-eabi/lib/thumb/v7e-m+fp/hard\libc_nano.a(libc_a-memmove.o)
                0x0800aa28                memmove
 .text._sbrk_r  0x0800aa5c       0x20 D:/STM32CubeIDE_2.0.0/STM32CubeIDE/plugins/com.st.stm32cube.ide.mcu.externaltools.gnu-tools-for-stm32.13.3.rel1.win32_1.0.100.202509120712/tools/bin/../lib/gcc/arm-none-eabi/13.3.1/../../../../arm-none-eabi/lib/thumb/v7e-m+fp/hard\libc_nano.a(libc_a-sbrkr.o)
                0x0800aa5c                _sbrk_r
 .text.memcpy   0x0800aa7c       0x1c D:/STM32CubeIDE_2.0.0/STM32CubeIDE/plugins/com.st.stm32cube.ide.mcu.externaltools.gnu-tools-for-stm32.13.3.rel1.win32_1.0.100.202509120712/tools/bin/../lib/gcc/arm-none-eabi/13.3.1/../../../../arm-none-eabi/lib/thumb/v7e-m+fp/hard\libc_nano.a(libc_a-memcpy-stub.o)
                0x0800aa7c                memcpy
 .text.__assert_func
                0x0800aa98       0x3c D:/STM32CubeIDE_2.0.0/STM32CubeIDE/plugins/com.st.stm32cube.ide.mcu.externaltools.gnu-tools-for-stm32.13.3.rel1.win32_1.0.100.202509120712/tools/bin/../lib/gcc/arm-none-eabi/13.3.1/../../../../arm-none-eabi/lib/thumb/v7e-m+fp/hard\libc_nano.a(libc_a-assert.o)
                0x0800aa98                __assert_func
 .text._calloc_r
                0x0800aad4       0x28 D:/STM32CubeIDE_2.0.0/STM32CubeIDE/plugins/com.st.stm32cube.ide.mcu.externaltools.gnu-tools-for-stm32.13.3.rel1.win32_1.0.100.202509120712/tools/bin/../lib/gcc/arm-none-eabi/13.3.1/../../../../arm-none-eabi/lib/thumb/v7e-m+fp/hard\libc_nano.a(libc_a-callocr.o)
                0x0800aad4                _calloc_r
 .text.__ascii_mbtowc
                0x0800aafc       0x24 D:/STM32CubeIDE_2.0.0/STM32CubeIDE/plugins/com.st.stm32cube.ide.mcu.externaltools.gnu-tools-for-stm32.13.3.rel1.win32_1.0.100.202509120712/tools/bin/../lib/gcc/arm-none-eabi/13.3.1/../../../../arm-none-eabi/lib/thumb/v7e-m+fp/hard\libc_nano.a(libc_a-mbtowc_r.o)
                0x0800aafc                __ascii_mbtowc
 .text._realloc_r
                0x0800ab20       0x5c D:/STM32CubeIDE_2.0.0/STM32CubeIDE/plugins/com.st.stm32cube.ide.mcu.externaltools.gnu-tools-for-stm32.13.3.rel1.win32_1.0.100.202509120712/tools/bin/../lib/gcc/arm-none-eabi/13.3.1/../../../../arm-none-eabi/lib/thumb/v7e-m+fp/hard\libc_nano.a(libc_a-reallocr.o)
                0x0800ab20                _realloc_r
 .text.__ascii_wctomb
                0x0800ab7c       0x1a D:/STM32CubeIDE_2.0.0/STM32CubeIDE/plugins/com.st.stm32cube.ide.mcu.externaltools.gnu-tools-for-stm32.13.3.rel1.win32_1.0.100.202509120712/tools/bin/../lib/gcc/arm-none-eabi/13.3.1/../../../../arm-none-eabi/lib/thumb/v7e-m+fp/hard\libc_nano.a(libc_a-wctomb_r.o)
                0x0800ab7c                __ascii_wctomb
 *fill*         0x0800ab96        0x2 
 .text.fprintf  0x0800ab98       0x24 D:/STM32CubeIDE_2.0.0/STM32CubeIDE/plugins/com.st.stm32cube.ide.mcu.externaltools.gnu-tools-for-stm32.13.3.rel1.win32_1.0.100.202509120712/tools/bin/../lib/gcc/arm-none-eabi/13.3.1/../../../../arm-none-eabi/lib/thumb/v7e-m+fp/hard\libc_nano.a(libc_a-fprintf.o)
                0x0800ab98                fiprintf
                0x0800ab98                fprintf
 .text.__swhatbuf_r
                0x0800abbc       0x4c D:/STM32CubeIDE_2.0.0/STM32CubeIDE/plugins/com.st.stm32cube.ide.mcu.externaltools.gnu-tools-for-stm32.13.3.rel1.win32_1.0.100.202509120712/tools/bin/../lib/gcc/arm-none-eabi/13.3.1/../../../../arm-none-eabi/lib/thumb/v7e-m+fp/hard\libc_nano.a(libc_a-makebuf.o)
                0x0800abbc                __swhatbuf_r
 .text.__smakebuf_r
                0x0800ac08       0x78 D:/STM32CubeIDE_2.0.0/STM32CubeIDE/plugins/com.st.stm32cube.ide.mcu.externaltools.gnu-tools-for-stm32.13.3.rel1.win32_1.0.100.202509120712/tools/bin/../lib/gcc/arm-none-eabi/13.3.1/../../../../arm-none-eabi/lib/thumb/v7e-m+fp/hard\libc_nano.a(libc_a-makebuf.o)
                0x0800ac08                __smakebuf_r
 .text._fstat_r
                0x0800ac80       0x24 D:/STM32CubeIDE_2.0.0/STM32CubeIDE/plugins/com.st.stm32cube.ide.mcu.externaltools.gnu-tools-for-stm32.13.3.rel1.win32_1.0.100.202509120712/tools/bin/../lib/gcc/arm-none-eabi/13.3.1/../../../../arm-none-eabi/lib/thumb/v7e-m+fp/hard\libc_nano.a(libc_a-fstatr.o)
                0x0800ac80                _fstat_r
 .text._isatty_r
                0x0800aca4       0x20 D:/STM32CubeIDE_2.0.0/STM32CubeIDE/plugins/com.st.stm32cube.ide.mcu.externaltools.gnu-tools-for-stm32.13.3.rel1.win32_1.0.100.202509120712/tools/bin/../lib/gcc/arm-none-eabi/13.3.1/../../../../arm-none-eabi/lib/thumb/v7e-m+fp/hard\libc_nano.a(libc_a-isattyr.o)
                0x0800aca4                _isatty_r
 .text.abort    0x0800acc4        0xe D:/STM32CubeIDE_2.0.0/STM32CubeIDE/plugins/com.st.stm32cube.ide.mcu.externaltools.gnu-tools-for-stm32.13.3.rel1.win32_1.0.100.202509120712/tools/bin/../lib/gcc/arm-none-eabi/13.3.1/../../../../arm-none-eabi/lib/thumb/v7e-m+fp/hard\libc_nano.a(libc_a-abort.o)
                0x0800acc4                abort
 .text._malloc_usable_size_r
                0x0800acd2       0x10 D:/STM32CubeIDE_2.0.0/STM32CubeIDE/plugins/com.st.stm32cube.ide.mcu.externaltools.gnu-tools-for-stm32.13.3.rel1.win32_1.0.100.202509120712/tools/bin/../lib/gcc/arm-none-eabi/13.3.1/../../../../arm-none-eabi/lib/thumb/v7e-m+fp/hard\libc_nano.a(libc_a-msizer.o)
                0x0800acd2                _malloc_usable_size_r
 .text._raise_r
                0x0800ace2       0x50 D:/STM32CubeIDE_2.0.0/STM32CubeIDE/plugins/com.st.stm32cube.ide.mcu.externaltools.gnu-tools-for-stm32.13.3.rel1.win32_1.0.100.202509120712/tools/bin/../lib/gcc/arm-none-eabi/13.3.1/../../../../arm-none-eabi/lib/thumb/v7e-m+fp/hard\libc_nano.a(libc_a-signal.o)
                0x0800ace2                _raise_r
 *fill*         0x0800ad32        0x2 
 .text.raise    0x0800ad34       0x10 D:/STM32CubeIDE_2.0.0/STM32CubeIDE/plugins/com.st.stm32cube.ide.mcu.externaltools.gnu-tools-for-stm32.13.3.rel1.win32_1.0.100.202509120712/tools/bin/../lib/gcc/arm-none-eabi/13.3.1/../../../../arm-none-eabi/lib/thumb/v7e-m+fp/hard\libc_nano.a(libc_a-signal.o)
                0x0800ad34                raise
 .text._kill_r  0x0800ad44       0x24 D:/STM32CubeIDE_2.0.0/STM32CubeIDE/plugins/com.st.stm32cube.ide.mcu.externaltools.gnu-tools-for-stm32.13.3.rel1.win32_1.0.100.202509120712/tools/bin/../lib/gcc/arm-none-eabi/13.3.1/../../../../arm-none-eabi/lib/thumb/v7e-m+fp/hard\libc_nano.a(libc_a-signalr.o)
                0x0800ad44                _kill_r
 .text._getpid_r
                0x0800ad68        0x4 D:/STM32CubeIDE_2.0.0/STM32CubeIDE/plugins/com.st.stm32cube.ide.mcu.externaltools.gnu-tools-for-stm32.13.3.rel1.win32_1.0.100.202509120712/tools/bin/../lib/gcc/arm-none-eabi/13.3.1/../../../../arm-none-eabi/lib/thumb/v7e-m+fp/hard\libc_nano.a(libc_a-signalr.o)
                0x0800ad68                _getpid_r
 .text.sinf     0x0800ad6c       0x8c D:/STM32CubeIDE_2.0.0/STM32CubeIDE/plugins/com.st.stm32cube.ide.mcu.externaltools.gnu-tools-for-stm32.13.3.rel1.win32_1.0.100.202509120712/tools/bin/../lib/gcc/arm-none-eabi/13.3.1/../../../../arm-none-eabi/lib/thumb/v7e-m+fp/hard\libm.a(libm_a-sf_sin.o)
                0x0800ad6c                sinf
 .text.__kernel_cosf
                0x0800adf8       0xb0 D:/STM32CubeIDE_2.0.0/STM32CubeIDE/plugins/com.st.stm32cube.ide.mcu.externaltools.gnu-tools-for-stm32.13.3.rel1.win32_1.0.100.202509120712/tools/bin/../lib/gcc/arm-none-eabi/13.3.1/../../../../arm-none-eabi/lib/thumb/v7e-m+fp/hard\libm.a(libm_a-kf_cos.o)
                0x0800adf8                __kernel_cosf
 .text.__kernel_sinf
                0x0800aea8       0x90 D:/STM32CubeIDE_2.0.0/STM32CubeIDE/plugins/com.st.stm32cube.ide.mcu.externaltools.gnu-tools-for-stm32.13.3.rel1.win32_1.0.100.202509120712/tools/bin/../lib/gcc/arm-none-eabi/13.3.1/../../../../arm-none-eabi/lib/thumb/v7e-m+fp/hard\libm.a(libm_a-kf_sin.o)
                0x0800aea8                __kernel_sinf
 .text.__ieee754_rem_pio2f
                0x0800af38      0x260 D:/STM32CubeIDE_2.0.0/STM32CubeIDE/plugins/com.st.stm32cube.ide.mcu.externaltools.gnu-tools-for-stm32.13.3.rel1.win32_1.0.100.202509120712/tools/bin/../lib/gcc/arm-none-eabi/13.3.1/../../../../arm-none-eabi/lib/thumb/v7e-m+fp/hard\libm.a(libm_a-ef_rem_pio2.o)
                0x0800af38                __ieee754_rem_pio2f
 .text.fabsf    0x0800b198        0xe D:/STM32CubeIDE_2.0.0/STM32CubeIDE/plugins/com.st.stm32cube.ide.mcu.externaltools.gnu-tools-for-stm32.13.3.rel1.win32_1.0.100.202509120712/tools/bin/../lib/gcc/arm-none-eabi/13.3.1/../../../../arm-none-eabi/lib/thumb/v7e-m+fp/hard\libm.a(libm_a-sf_fabs.o)
                0x0800b198                fabsf
 *fill*         0x0800b1a6        0x2 
 .text.__kernel_rem_pio2f
                0x0800b1a8      0x4d0 D:/STM32CubeIDE_2.0.0/STM32CubeIDE/plugins/com.st.stm32cube.ide.mcu.externaltools.gnu-tools-for-stm32.13.3.rel1.win32_1.0.100.202509120712/tools/bin/../lib/gcc/arm-none-eabi/13.3.1/../../../../arm-none-eabi/lib/thumb/v7e-m+fp/hard\libm.a(libm_a-kf_rem_pio2.o)
                0x0800b1a8                __kernel_rem_pio2f
 .text.scalbnf  0x0800b678       0xcc D:/STM32CubeIDE_2.0.0/STM32CubeIDE/plugins/com.st.stm32cube.ide.mcu.externaltools.gnu-tools-for-stm32.13.3.rel1.win32_1.0.100.202509120712/tools/bin/../lib/gcc/arm-none-eabi/13.3.1/../../../../arm-none-eabi/lib/thumb/v7e-m+fp/hard\libm.a(libm_a-sf_scalbn.o)
                0x0800b678                scalbnf
 .text.floorf   0x0800b744       0x88 D:/STM32CubeIDE_2.0.0/STM32CubeIDE/plugins/com.st.stm32cube.ide.mcu.externaltools.gnu-tools-for-stm32.13.3.rel1.win32_1.0.100.202509120712/tools/bin/../lib/gcc/arm-none-eabi/13.3.1/../../../../arm-none-eabi/lib/thumb/v7e-m+fp/hard\libm.a(libm_a-sf_floor.o)
                0x0800b744                floorf
 *(.glue_7)
 .glue_7        0x0800b7cc        0x0 linker stubs
 *(.glue_7t)
 .glue_7t       0x0800b7cc        0x0 linker stubs
 *(.eh_frame)
 .eh_frame      0x0800b7cc        0x0 D:/STM32CubeIDE_2.0.0/STM32CubeIDE/plugins/com.st.stm32cube.ide.mcu.externaltools.gnu-tools-for-stm32.13.3.rel1.win32_1.0.100.202509120712/tools/bin/../lib/gcc/arm-none-eabi/13.3.1/thumb/v7e-m+fp/hard/crtbegin.o
 *(.init)
 .init          0x0800b7cc        0x4 D:/STM32CubeIDE_2.0.0/STM32CubeIDE/plugins/com.st.stm32cube.ide.mcu.externaltools.gnu-tools-for-stm32.13.3.rel1.win32_1.0.100.202509120712/tools/bin/../lib/gcc/arm-none-eabi/13.3.1/thumb/v7e-m+fp/hard/crti.o
                0x0800b7cc                _init
 .init          0x0800b7d0        0x8 D:/STM32CubeIDE_2.0.0/STM32CubeIDE/plugins/com.st.stm32cube.ide.mcu.externaltools.gnu-tools-for-stm32.13.3.rel1.win32_1.0.100.202509120712/tools/bin/../lib/gcc/arm-none-eabi/13.3.1/thumb/v7e-m+fp/hard/crtn.o
 *(.fini)
 .fini          0x0800b7d8        0x4 D:/STM32CubeIDE_2.0.0/STM32CubeIDE/plugins/com.st.stm32cube.ide.mcu.externaltools.gnu-tools-for-stm32.13.3.rel1.win32_1.0.100.202509120712/tools/bin/../lib/gcc/arm-none-eabi/13.3.1/thumb/v7e-m+fp/hard/crti.o
                0x0800b7d8                _fini
 .fini          0x0800b7dc        0x8 D:/STM32CubeIDE_2.0.0/STM32CubeIDE/plugins/com.st.stm32cube.ide.mcu.externaltools.gnu-tools-for-stm32.13.3.rel1.win32_1.0.100.202509120712/tools/bin/../lib/gcc/arm-none-eabi/13.3.1/thumb/v7e-m+fp/hard/crtn.o
                0x0800b7e4                        . = ALIGN (0x4)
                0x0800b7e4                        _etext = .

.vfp11_veneer   0x0800b7e4        0x0
 .vfp11_veneer  0x0800b7e4        0x0 linker stubs

.v4_bx          0x0800b7e4        0x0
 .v4_bx         0x0800b7e4        0x0 linker stubs

.iplt           0x0800b7e4        0x0
 .iplt          0x0800b7e4        0x0 D:/STM32CubeIDE_2.0.0/STM32CubeIDE/plugins/com.st.stm32cube.ide.mcu.externaltools.gnu-tools-for-stm32.13.3.rel1.win32_1.0.100.202509120712/tools/bin/../lib/gcc/arm-none-eabi/13.3.1/thumb/v7e-m+fp/hard/crtbegin.o

.rodata         0x0800b7e8      0xba4
                0x0800b7e8                        . = ALIGN (0x4)
 *(.rodata)
 .rodata        0x0800b7e8       0x30 ./Core/Src/gpio.o
 .rodata        0x0800b818        0xd ./Core/Src/main.o
 *fill*         0x0800b825        0x3 
 .rodata        0x0800b828       0x53 ./Core/Src/oled.o
 *fill*         0x0800b87b        0x1 
 .rodata        0x0800b87c        0x4 ./Core/Src/usart.o
 *(.rodata*)
 .rodata.Font8x16
                0x0800b880      0x3b0 ./Core/Src/oled.o
 .rodata.AHBPrescTable
                0x0800bc30       0x10 ./Core/Src/system_stm32f4xx.o
                0x0800bc30                AHBPrescTable
 .rodata.APBPrescTable
                0x0800bc40        0x8 ./Core/Src/system_stm32f4xx.o
                0x0800bc40                APBPrescTable
 .rodata._printf_float.str1.1
                0x0800bc48      0x171 D:/STM32CubeIDE_2.0.0/STM32CubeIDE/plugins/com.st.stm32cube.ide.mcu.externaltools.gnu-tools-for-stm32.13.3.rel1.win32_1.0.100.202509120712/tools/bin/../lib/gcc/arm-none-eabi/13.3.1/../../../../arm-none-eabi/lib/thumb/v7e-m+fp/hard\libc_nano.a(libc_a-nano-vfprintf_float.o)
                                 0x12 (size before relaxing)
 .rodata._printf_i.str1.1
                0x0800bdb9        0x0 D:/STM32CubeIDE_2.0.0/STM32CubeIDE/plugins/com.st.stm32cube.ide.mcu.externaltools.gnu-tools-for-stm32.13.3.rel1.win32_1.0.100.202509120712/tools/bin/../lib/gcc/arm-none-eabi/13.3.1/../../../../arm-none-eabi/lib/thumb/v7e-m+fp/hard\libc_nano.a(libc_a-nano-vfprintf_i.o)
                                 0x22 (size before relaxing)
 .rodata._dtoa_r.str1.1
                0x0800bdb9        0x0 D:/STM32CubeIDE_2.0.0/STM32CubeIDE/plugins/com.st.stm32cube.ide.mcu.externaltools.gnu-tools-for-stm32.13.3.rel1.win32_1.0.100.202509120712/tools/bin/../lib/gcc/arm-none-eabi/13.3.1/../../../../arm-none-eabi/lib/thumb/v7e-m+fp/hard\libc_nano.a(libc_a-dtoa.o)
                                 0x8f (size before relaxing)
 .rodata._Balloc.str1.1
                0x0800bdb9        0x0 D:/STM32CubeIDE_2.0.0/STM32CubeIDE/plugins/com.st.stm32cube.ide.mcu.externaltools.gnu-tools-for-stm32.13.3.rel1.win32_1.0.100.202509120712/tools/bin/../lib/gcc/arm-none-eabi/13.3.1/../../../../arm-none-eabi/lib/thumb/v7e-m+fp/hard\libc_nano.a(libc_a-mprec.o)
                                 0x70 (size before relaxing)
 .rodata.__multadd.str1.1
                0x0800bdb9        0x0 D:/STM32CubeIDE_2.0.0/STM32CubeIDE/plugins/com.st.stm32cube.ide.mcu.externaltools.gnu-tools-for-stm32.13.3.rel1.win32_1.0.100.202509120712/tools/bin/../lib/gcc/arm-none-eabi/13.3.1/../../../../arm-none-eabi/lib/thumb/v7e-m+fp/hard\libc_nano.a(libc_a-mprec.o)
                                 0x11 (size before relaxing)
 *fill*         0x0800bdb9        0x3 
 .rodata.p05.0  0x0800bdbc        0xc D:/STM32CubeIDE_2.0.0/STM32CubeIDE/plugins/com.st.stm32cube.ide.mcu.externaltools.gnu-tools-for-stm32.13.3.rel1.win32_1.0.100.202509120712/tools/bin/../lib/gcc/arm-none-eabi/13.3.1/../../../../arm-none-eabi/lib/thumb/v7e-m+fp/hard\libc_nano.a(libc_a-mprec.o)
 .rodata.__mprec_bigtens
                0x0800bdc8       0x28 D:/STM32CubeIDE_2.0.0/STM32CubeIDE/plugins/com.st.stm32cube.ide.mcu.externaltools.gnu-tools-for-stm32.13.3.rel1.win32_1.0.100.202509120712/tools/bin/../lib/gcc/arm-none-eabi/13.3.1/../../../../arm-none-eabi/lib/thumb/v7e-m+fp/hard\libc_nano.a(libc_a-mprec.o)
                0x0800bdc8                __mprec_bigtens
 .rodata.__mprec_tens
                0x0800bdf0       0xc8 D:/STM32CubeIDE_2.0.0/STM32CubeIDE/plugins/com.st.stm32cube.ide.mcu.externaltools.gnu-tools-for-stm32.13.3.rel1.win32_1.0.100.202509120712/tools/bin/../lib/gcc/arm-none-eabi/13.3.1/../../../../arm-none-eabi/lib/thumb/v7e-m+fp/hard\libc_nano.a(libc_a-mprec.o)
                0x0800bdf0                __mprec_tens
 .rodata._svfprintf_r.str1.1
                0x0800beb8        0x0 D:/STM32CubeIDE_2.0.0/STM32CubeIDE/plugins/com.st.stm32cube.ide.mcu.externaltools.gnu-tools-for-stm32.13.3.rel1.win32_1.0.100.202509120712/tools/bin/../lib/gcc/arm-none-eabi/13.3.1/../../../../arm-none-eabi/lib/thumb/v7e-m+fp/hard\libc_nano.a(libc_a-nano-svfprintf.o)
                                 0x11 (size before relaxing)
 .rodata._vfprintf_r.str1.1
                0x0800beb8        0x0 D:/STM32CubeIDE_2.0.0/STM32CubeIDE/plugins/com.st.stm32cube.ide.mcu.externaltools.gnu-tools-for-stm32.13.3.rel1.win32_1.0.100.202509120712/tools/bin/../lib/gcc/arm-none-eabi/13.3.1/../../../../arm-none-eabi/lib/thumb/v7e-m+fp/hard\libc_nano.a(libc_a-nano-vfprintf.o)
                                 0x11 (size before relaxing)
 .rodata._setlocale_r.str1.1
                0x0800beb8        0x0 D:/STM32CubeIDE_2.0.0/STM32CubeIDE/plugins/com.st.stm32cube.ide.mcu.externaltools.gnu-tools-for-stm32.13.3.rel1.win32_1.0.100.202509120712/tools/bin/../lib/gcc/arm-none-eabi/13.3.1/../../../../arm-none-eabi/lib/thumb/v7e-m+fp/hard\libc_nano.a(libc_a-locale.o)
                                  0x9 (size before relaxing)
 .rodata.str1.1
                0x0800beb8        0x0 D:/STM32CubeIDE_2.0.0/STM32CubeIDE/plugins/com.st.stm32cube.ide.mcu.externaltools.gnu-tools-for-stm32.13.3.rel1.win32_1.0.100.202509120712/tools/bin/../lib/gcc/arm-none-eabi/13.3.1/../../../../arm-none-eabi/lib/thumb/v7e-m+fp/hard\libc_nano.a(libc_a-locale.o)
                                  0x2 (size before relaxing)
 .rodata.__assert_func.str1.1
                0x0800beb8        0x0 D:/STM32CubeIDE_2.0.0/STM32CubeIDE/plugins/com.st.stm32cube.ide.mcu.externaltools.gnu-tools-for-stm32.13.3.rel1.win32_1.0.100.202509120712/tools/bin/../lib/gcc/arm-none-eabi/13.3.1/../../../../arm-none-eabi/lib/thumb/v7e-m+fp/hard\libc_nano.a(libc_a-assert.o)
                                 0x3d (size before relaxing)
 .rodata._ctype_
                0x0800beb8      0x101 D:/STM32CubeIDE_2.0.0/STM32CubeIDE/plugins/com.st.stm32cube.ide.mcu.externaltools.gnu-tools-for-stm32.13.3.rel1.win32_1.0.100.202509120712/tools/bin/../lib/gcc/arm-none-eabi/13.3.1/../../../../arm-none-eabi/lib/thumb/v7e-m+fp/hard\libc_nano.a(libc_a-ctype_.o)
                0x0800beb8                _ctype_
 *fill*         0x0800bfb9        0x3 
 .rodata.npio2_hw
                0x0800bfbc       0x80 D:/STM32CubeIDE_2.0.0/STM32CubeIDE/plugins/com.st.stm32cube.ide.mcu.externaltools.gnu-tools-for-stm32.13.3.rel1.win32_1.0.100.202509120712/tools/bin/../lib/gcc/arm-none-eabi/13.3.1/../../../../arm-none-eabi/lib/thumb/v7e-m+fp/hard\libm.a(libm_a-ef_rem_pio2.o)
 .rodata.two_over_pi
                0x0800c03c      0x318 D:/STM32CubeIDE_2.0.0/STM32CubeIDE/plugins/com.st.stm32cube.ide.mcu.externaltools.gnu-tools-for-stm32.13.3.rel1.win32_1.0.100.202509120712/tools/bin/../lib/gcc/arm-none-eabi/13.3.1/../../../../arm-none-eabi/lib/thumb/v7e-m+fp/hard\libm.a(libm_a-ef_rem_pio2.o)
 .rodata.PIo2   0x0800c354       0x2c D:/STM32CubeIDE_2.0.0/STM32CubeIDE/plugins/com.st.stm32cube.ide.mcu.externaltools.gnu-tools-for-stm32.13.3.rel1.win32_1.0.100.202509120712/tools/bin/../lib/gcc/arm-none-eabi/13.3.1/../../../../arm-none-eabi/lib/thumb/v7e-m+fp/hard\libm.a(libm_a-kf_rem_pio2.o)
 .rodata.init_jk
                0x0800c380        0xc D:/STM32CubeIDE_2.0.0/STM32CubeIDE/plugins/com.st.stm32cube.ide.mcu.externaltools.gnu-tools-for-stm32.13.3.rel1.win32_1.0.100.202509120712/tools/bin/../lib/gcc/arm-none-eabi/13.3.1/../../../../arm-none-eabi/lib/thumb/v7e-m+fp/hard\libm.a(libm_a-kf_rem_pio2.o)
                0x0800c38c                        . = ALIGN (0x4)

.ARM.extab      0x0800c38c        0x0
                0x0800c38c                        . = ALIGN (0x4)
 *(.ARM.extab* .gnu.linkonce.armextab.*)
                0x0800c38c                        . = ALIGN (0x4)

.ARM            0x0800c38c        0x8
                0x0800c38c                        . = ALIGN (0x4)
                0x0800c38c                        __exidx_start = .
 *(.ARM.exidx*)
 .ARM.exidx     0x0800c38c        0x8 D:/STM32CubeIDE_2.0.0/STM32CubeIDE/plugins/com.st.stm32cube.ide.mcu.externaltools.gnu-tools-for-stm32.13.3.rel1.win32_1.0.100.202509120712/tools/bin/../lib/gcc/arm-none-eabi/13.3.1/../../../../arm-none-eabi/lib/thumb/v7e-m+fp/hard\libc_nano.a(libc_a-memchr.o)
 .ARM.exidx     0x0800c394        0x0 D:/STM32CubeIDE_2.0.0/STM32CubeIDE/plugins/com.st.stm32cube.ide.mcu.externaltools.gnu-tools-for-stm32.13.3.rel1.win32_1.0.100.202509120712/tools/bin/../lib/gcc/arm-none-eabi/13.3.1/../../../../arm-none-eabi/lib/thumb/v7e-m+fp/hard\libc_nano.a(libc_a-strlen.o)
                                  0x8 (size before relaxing)
 .ARM.exidx     0x0800c394        0x0 D:/STM32CubeIDE_2.0.0/STM32CubeIDE/plugins/com.st.stm32cube.ide.mcu.externaltools.gnu-tools-for-stm32.13.3.rel1.win32_1.0.100.202509120712/tools/bin/../lib/gcc/arm-none-eabi/13.3.1/thumb/v7e-m+fp/hard\libgcc.a(_udivmoddi4.o)
                                  0x8 (size before relaxing)
                0x0800c394                        __exidx_end = .
                0x0800c394                        . = ALIGN (0x4)

.preinit_array  0x0800c394        0x0
                0x0800c394                        . = ALIGN (0x4)
                0x0800c394                        PROVIDE (__preinit_array_start = .)
 *(.preinit_array*)
                0x0800c394                        PROVIDE (__preinit_array_end = .)
                0x0800c394                        . = ALIGN (0x4)

.init_array     0x0800c394        0x4
                0x0800c394                        . = ALIGN (0x4)
                0x0800c394                        PROVIDE (__init_array_start = .)
 *(SORT_BY_NAME(.init_array.*))
 *(.init_array*)
 .init_array    0x0800c394        0x4 D:/STM32CubeIDE_2.0.0/STM32CubeIDE/plugins/com.st.stm32cube.ide.mcu.externaltools.gnu-tools-for-stm32.13.3.rel1.win32_1.0.100.202509120712/tools/bin/../lib/gcc/arm-none-eabi/13.3.1/thumb/v7e-m+fp/hard/crtbegin.o
                0x0800c398                        PROVIDE (__init_array_end = .)
                0x0800c398                        . = ALIGN (0x4)

.fini_array     0x0800c398        0x4
                0x0800c398                        . = ALIGN (0x4)
                [!provide]                        PROVIDE (__fini_array_start = .)
 *(SORT_BY_NAME(.fini_array.*))
 *(.fini_array*)
 .fini_array    0x0800c398        0x4 D:/STM32CubeIDE_2.0.0/STM32CubeIDE/plugins/com.st.stm32cube.ide.mcu.externaltools.gnu-tools-for-stm32.13.3.rel1.win32_1.0.100.202509120712/tools/bin/../lib/gcc/arm-none-eabi/13.3.1/thumb/v7e-m+fp/hard/crtbegin.o
                [!provide]                        PROVIDE (__fini_array_end = .)
                0x0800c39c                        . = ALIGN (0x4)
                0x0800c39c                        _sidata = LOADADDR (.data)

.rel.dyn        0x0800c39c        0x0
 .rel.iplt      0x0800c39c        0x0 D:/STM32CubeIDE_2.0.0/STM32CubeIDE/plugins/com.st.stm32cube.ide.mcu.externaltools.gnu-tools-for-stm32.13.3.rel1.win32_1.0.100.202509120712/tools/bin/../lib/gcc/arm-none-eabi/13.3.1/thumb/v7e-m+fp/hard/crtbegin.o

.data           0x20000000      0x248 load address 0x0800c39c
                0x20000000                        . = ALIGN (0x4)
                0x20000000                        _sdata = .
 *(.data)
 *(.data*)
 .data.boost    0x20000000       0x74 ./Core/Src/boost.o
                0x20000000                boost
 .data.SystemCoreClock
                0x20000074        0x4 ./Core/Src/system_stm32f4xx.o
                0x20000074                SystemCoreClock
 .data.uwTickPrio
                0x20000078        0x4 ./Drivers/STM32F4xx_HAL_Driver/Src/stm32f4xx_hal.o
                0x20000078                uwTickPrio
 .data.uwTickFreq
                0x2000007c        0x1 ./Drivers/STM32F4xx_HAL_Driver/Src/stm32f4xx_hal.o
                0x2000007c                uwTickFreq
 *fill*         0x2000007d        0x3 
 .data.__sglue  0x20000080        0xc D:/STM32CubeIDE_2.0.0/STM32CubeIDE/plugins/com.st.stm32cube.ide.mcu.externaltools.gnu-tools-for-stm32.13.3.rel1.win32_1.0.100.202509120712/tools/bin/../lib/gcc/arm-none-eabi/13.3.1/../../../../arm-none-eabi/lib/thumb/v7e-m+fp/hard\libc_nano.a(libc_a-findfp.o)
                0x20000080                __sglue
 .data._impure_ptr
                0x2000008c        0x4 D:/STM32CubeIDE_2.0.0/STM32CubeIDE/plugins/com.st.stm32cube.ide.mcu.externaltools.gnu-tools-for-stm32.13.3.rel1.win32_1.0.100.202509120712/tools/bin/../lib/gcc/arm-none-eabi/13.3.1/../../../../arm-none-eabi/lib/thumb/v7e-m+fp/hard\libc_nano.a(libc_a-impure.o)
                0x2000008c                _impure_ptr
 .data._impure_data
                0x20000090       0x4c D:/STM32CubeIDE_2.0.0/STM32CubeIDE/plugins/com.st.stm32cube.ide.mcu.externaltools.gnu-tools-for-stm32.13.3.rel1.win32_1.0.100.202509120712/tools/bin/../lib/gcc/arm-none-eabi/13.3.1/../../../../arm-none-eabi/lib/thumb/v7e-m+fp/hard\libc_nano.a(libc_a-impure.o)
                0x20000090                _impure_data
 .data.__global_locale
                0x200000dc      0x16c D:/STM32CubeIDE_2.0.0/STM32CubeIDE/plugins/com.st.stm32cube.ide.mcu.externaltools.gnu-tools-for-stm32.13.3.rel1.win32_1.0.100.202509120712/tools/bin/../lib/gcc/arm-none-eabi/13.3.1/../../../../arm-none-eabi/lib/thumb/v7e-m+fp/hard\libc_nano.a(libc_a-locale.o)
                0x200000dc                __global_locale
 *(.RamFunc)
 *(.RamFunc*)
                0x20000248                        . = ALIGN (0x4)
                0x20000248                        _edata = .
                0x0800c5e4                        _siccmram = LOADADDR (.ccmram)

.igot.plt       0x20000248        0x0 load address 0x0800c5e4
 .igot.plt      0x20000248        0x0 D:/STM32CubeIDE_2.0.0/STM32CubeIDE/plugins/com.st.stm32cube.ide.mcu.externaltools.gnu-tools-for-stm32.13.3.rel1.win32_1.0.100.202509120712/tools/bin/../lib/gcc/arm-none-eabi/13.3.1/thumb/v7e-m+fp/hard/crtbegin.o

.ccmram         0x10000000        0x0 load address 0x0800c5e4
                0x10000000                        . = ALIGN (0x4)
                0x10000000                        _sccmram = .
 *(.ccmram)
 *(.ccmram*)
                0x10000000                        . = ALIGN (0x4)
                0x10000000                        _eccmram = .
                0x10000000                        . = ALIGN (0x4)

.bss            0x20000248      0x984
                0x20000248                        _sbss = .
                0x20000248                        __bss_start__ = _sbss
 *(.bss)
 .bss           0x20000248       0x1c D:/STM32CubeIDE_2.0.0/STM32CubeIDE/plugins/com.st.stm32cube.ide.mcu.externaltools.gnu-tools-for-stm32.13.3.rel1.win32_1.0.100.202509120712/tools/bin/../lib/gcc/arm-none-eabi/13.3.1/thumb/v7e-m+fp/hard/crtbegin.o
 *(.bss*)
 .bss.hadc1     0x20000264       0x48 ./Core/Src/adc.o
                0x20000264                hadc1
 .bss.hadc2     0x200002ac       0x48 ./Core/Src/adc.o
                0x200002ac                hadc2
 .bss.hadc3     0x200002f4       0x48 ./Core/Src/adc.o
                0x200002f4                hadc3
 .bss.key_last.0
                0x2000033c        0x1 ./Core/Src/boost.o
 *fill*         0x2000033d        0x3 
 .bss.hdac      0x20000340       0x14 ./Core/Src/dac.o
                0x20000340                hdac
 .bss.KEY_FLAG  0x20000354        0x1 ./Core/Src/gpio.o
                0x20000354                KEY_FLAG
 *fill*         0x20000355        0x3 
 .bss.hi2c1     0x20000358       0x54 ./Core/Src/i2c.o
                0x20000358                hi2c1
 .bss.last_key_tick.1
                0x200003ac        0x4 ./Core/Src/main.o
 .bss.last_disp_tick.0
                0x200003b0        0x4 ./Core/Src/main.o
 .bss.oled_buf  0x200003b4      0x400 ./Core/Src/oled.o
 .bss.hspi1     0x200007b4       0x58 ./Core/Src/spi.o
                0x200007b4                hspi1
 .bss.hspi2     0x2000080c       0x58 ./Core/Src/spi.o
                0x2000080c                hspi2
 .bss.hspi3     0x20000864       0x58 ./Core/Src/spi.o
                0x20000864                hspi3
 .bss.__sbrk_heap_end
                0x200008bc        0x4 ./Core/Src/sysmem.o
 .bss.htim1     0x200008c0       0x48 ./Core/Src/tim.o
                0x200008c0                htim1
 .bss.htim6     0x20000908       0x48 ./Core/Src/tim.o
                0x20000908                htim6
 .bss.htim8     0x20000950       0x48 ./Core/Src/tim.o