../Core/Src/boost.c:39:14:ADC_ToVout	24	static
../Core/Src/boost.c:48:14:ADC_ToVin	24	static
../Core/Src/boost.c:57:14:Calc_Feedforward	24	static
../Core/Src/boost.c:67:13:PWM_SetDuty	24	static
../Core/Src/boost.c:88:6:Boost_Init	8	static
../Core/Src/boost.c:111:6:Boost_SetTarget	16	static
../Core/Src/boost.c:124:6:Boost_ControlLoop	24	static
../Core/Src/boost.c:183:6:Boost_KeyScan	16	static
../Core/Src/boost.c:200:7:Boost_GetVout	4	static
../Core/Src/boost.c:201:7:Boost_GetDuty	4	static
../Core/Src/boost.c:202:7:Boost_GetTarget	4	static
../Core/Src/boost.c:204:6:HAL_ADC_ConvCpltCallback	16	static
