../Core/Src/boost.c:61:14:clampf	24	static
../Core/Src/boost.c:68:14:adc_raw_to_vadc	16	static
../Core/Src/boost.c:73:14:adc_to_voltage	16	static
../Core/Src/boost.c:78:14:adc_to_current	24	static
../Core/Src/boost.c:83:13:reset_control_state	4	static
../Core/Src/boost.c:101:13:clear_rms_accumulator	4	static
../Core/Src/boost.c:108:13:reset_rms_accumulator	8	static
../Core/Src/boost.c:115:13:resync_rms_accumulator	8	static
../Core/Src/boost.c:121:13:reset_rms_state	8	static
../Core/Src/boost.c:128:14:spwm_triangle_cut_duty	16	static
../Core/Src/boost.c:137:14:deadtime_compensation_modulation	4	static
../Core/Src/boost.c:149:13:validate_ripple_tuning	4	static
../Core/Src/boost.c:158:13:configure_pwm_timer_sync	40	static
../Core/Src/boost.c:176:13:pwm_write	24	static
../Core/Src/boost.c:194:13:inverter_shutdown	8	static
../Core/Src/boost.c:200:13:boost_enter_stop	8	static
../Core/Src/boost.c:209:13:boost_enter_arming	8	static
../Core/Src/boost.c:218:13:boost_enter_run	8	static
../Core/Src/boost.c:228:13:boost_enter_fault	8	static
../Core/Src/boost.c:238:13:update_measurements	8	static
../Core/Src/boost.c:257:13:commit_rms_accumulator	24	static
../Core/Src/boost.c:276:13:clear_qpr_history	4	static
../Core/Src/boost.c:284:13:update_qpr_coefficients	48	static
../Core/Src/boost.c:301:14:output_current_protection_value	4	static
../Core/Src/boost.c:310:16:overcurrent_active	8	static
../Core/Src/boost.c:315:16:overcurrent_cleared	16	static
../Core/Src/boost.c:324:14:qpr_resonant_predict	24	static
../Core/Src/boost.c:337:13:qpr_resonant_commit	16	static
../Core/Src/boost.c:345:13:update_soft_start	16	static
../Core/Src/boost.c:370:16:arming_samples_ok	4	static
../Core/Src/boost.c:377:13:update_modulation_peak	24	static
../Core/Src/boost.c:391:13:adjust_cal_bias	24	static
../Core/Src/boost.c:406:13:adjust_cal_gain	24	static
../Core/Src/boost.c:420:13:next_cal_mode	4	static
../Core/Src/boost.c:434:6:Boost_Init	8	static
../Core/Src/boost.c:474:6:Boost_SetTarget	16	static
../Core/Src/boost.c:479:6:Boost_SetCurrentLimit	16	static
../Core/Src/boost.c:484:6:Boost_SetOutputFrequency	24	static
../Core/Src/boost.c:496:6:Boost_ControlLoop	88	static
../Core/Src/boost.c:628:6:Boost_KeyScan	16	static
../Core/Src/boost.c:688:7:Boost_GetTarget	4	static
../Core/Src/boost.c:689:7:Boost_GetVout	4	static
../Core/Src/boost.c:690:7:Boost_GetIout	4	static
../Core/Src/boost.c:691:7:Boost_GetVrms	4	static
../Core/Src/boost.c:692:7:Boost_GetIrms	4	static
../Core/Src/boost.c:693:7:Boost_GetIin	4	static
../Core/Src/boost.c:694:7:Boost_GetCurrentLimit	4	static
../Core/Src/boost.c:695:7:Boost_GetOutputFrequency	4	static
../Core/Src/boost.c:696:7:Boost_GetDuty	4	static
../Core/Src/boost.c:697:18:Boost_GetEditMode	4	static
../Core/Src/boost.c:698:18:Boost_GetRunState	4	static
../Core/Src/boost.c:699:17:Boost_GetCalMode	4	static
../Core/Src/boost.c:701:7:Boost_GetCalBias	4	static
../Core/Src/boost.c:709:7:Boost_GetCalGain	4	static
../Core/Src/boost.c:717:7:Boost_GetCalValue	4	static
../Core/Src/boost.c:725:6:HAL_ADC_ConvCpltCallback	16	static
