../Core/Src/boost.c:44:14:clampf	24	static
../Core/Src/boost.c:51:14:adc_raw_to_vadc	16	static
../Core/Src/boost.c:56:14:adc_to_voltage	16	static
../Core/Src/boost.c:61:14:adc_to_current	16	static
../Core/Src/boost.c:66:13:reset_control_state	4	static
../Core/Src/boost.c:84:14:spwm_triangle_cut_duty	16	static
../Core/Src/boost.c:93:13:pwm_write	24	static
../Core/Src/boost.c:111:13:inverter_shutdown	8	static
../Core/Src/boost.c:117:13:boost_enter_stop	8	static
../Core/Src/boost.c:125:13:boost_enter_arming	8	static
../Core/Src/boost.c:133:13:boost_enter_run	8	static
../Core/Src/boost.c:141:13:update_measurements	8	static
../Core/Src/boost.c:152:14:qpr_resonant_predict	24	static
../Core/Src/boost.c:165:13:qpr_resonant_commit	16	static
../Core/Src/boost.c:173:13:update_soft_start	16	static
../Core/Src/boost.c:198:16:arming_samples_ok	4	static
../Core/Src/boost.c:205:13:update_modulation_peak	24	static
../Core/Src/boost.c:219:13:adjust_current_cal_bias	16	static
../Core/Src/boost.c:232:13:next_cal_mode	4	static
../Core/Src/boost.c:247:6:Boost_Init	8	static
../Core/Src/boost.c:284:6:Boost_SetTarget	16	static
../Core/Src/boost.c:289:6:Boost_SetCurrentLimit	16	static
../Core/Src/boost.c:294:6:Boost_ControlLoop	56	static
../Core/Src/boost.c:369:6:Boost_KeyScan	16	static
../Core/Src/boost.c:415:7:Boost_GetTarget	4	static
../Core/Src/boost.c:416:7:Boost_GetVout	4	static
../Core/Src/boost.c:417:7:Boost_GetIout	4	static
../Core/Src/boost.c:418:7:Boost_GetIin	4	static
../Core/Src/boost.c:419:7:Boost_GetCurrentLimit	4	static
../Core/Src/boost.c:420:7:Boost_GetDuty	4	static
../Core/Src/boost.c:421:18:Boost_GetEditMode	4	static
../Core/Src/boost.c:422:18:Boost_GetRunState	4	static
../Core/Src/boost.c:423:17:Boost_GetCalMode	4	static
../Core/Src/boost.c:425:7:Boost_GetCalBias	4	static
../Core/Src/boost.c:433:7:Boost_GetCalValue	4	static
../Core/Src/boost.c:441:6:HAL_ADC_ConvCpltCallback	16	static
