../Core/Src/boost.c:39:14:clampf	24	static
../Core/Src/boost.c:46:14:adc_raw_to_vadc	16	static
../Core/Src/boost.c:51:14:adc_to_voltage	16	static
../Core/Src/boost.c:56:14:adc_to_current	16	static
../Core/Src/boost.c:61:13:reset_control_state	4	static
../Core/Src/boost.c:74:13:pwm_write	24	static
../Core/Src/boost.c:92:13:inverter_shutdown	8	static
../Core/Src/boost.c:98:13:boost_enter_stop	8	static
../Core/Src/boost.c:106:13:boost_enter_arming	8	static
../Core/Src/boost.c:114:13:boost_enter_run	8	static
../Core/Src/boost.c:122:13:update_measurements	8	static
../Core/Src/boost.c:133:13:update_soft_start	16	static
../Core/Src/boost.c:150:16:arming_samples_ok	4	static
../Core/Src/boost.c:157:13:update_modulation_peak	24	static
../Core/Src/boost.c:171:13:adjust_current_cal_bias	16	static
../Core/Src/boost.c:184:13:next_cal_mode	4	static
../Core/Src/boost.c:199:6:Boost_Init	8	static
../Core/Src/boost.c:236:6:Boost_SetTarget	16	static
../Core/Src/boost.c:241:6:Boost_SetCurrentLimit	16	static
../Core/Src/boost.c:246:6:Boost_ControlLoop	40	static
../Core/Src/boost.c:302:6:Boost_KeyScan	16	static
../Core/Src/boost.c:348:7:Boost_GetTarget	4	static
../Core/Src/boost.c:349:7:Boost_GetVout	4	static
../Core/Src/boost.c:350:7:Boost_GetIout	4	static
../Core/Src/boost.c:351:7:Boost_GetIin	4	static
../Core/Src/boost.c:352:7:Boost_GetCurrentLimit	4	static
../Core/Src/boost.c:353:7:Boost_GetDuty	4	static
../Core/Src/boost.c:354:18:Boost_GetEditMode	4	static
../Core/Src/boost.c:355:18:Boost_GetRunState	4	static
../Core/Src/boost.c:356:17:Boost_GetCalMode	4	static
../Core/Src/boost.c:358:7:Boost_GetCalBias	4	static
../Core/Src/boost.c:366:7:Boost_GetCalValue	4	static
../Core/Src/boost.c:374:6:HAL_ADC_ConvCpltCallback	16	static
