../Core/Src/oled.c:94:13:OLED_WriteByte	16	static
../Core/Src/oled.c:112:13:OLED_WriteCmd	16	static
../Core/Src/oled.c:117:6:OLED_Init	8	static
../Core/Src/oled.c:148:6:OLED_Clear	8	static
../Core/Src/oled.c:153:6:OLED_Refresh	16	static
../Core/Src/oled.c:169:6:OLED_DrawPoint	16	static
../Core/Src/oled.c:182:6:OLED_ShowChar	32	static
../Core/Src/oled.c:198:6:OLED_ShowString	16	static
../Core/Src/oled.c:210:6:OLED_ShowFloat	48	static
../Core/Src/oled.c:219:6:OLED_ShowInt	32	static
../Core/Src/oled.c:229:6:OLED_DrawLine	40	static
../Core/Src/oled.c:249:6:OLED_DrawRect	32	static
../Core/Src/oled.c:266:6:OLED_BoostUI	40	static
