../Core/ICM45686/inv_imu_driver.c:21:6:inv_imu_sleep_us	16	static
../Core/ICM45686/inv_imu_driver.c:27:5:inv_imu_soft_reset	40	static
../Core/ICM45686/inv_imu_driver.c:60:5:inv_imu_get_who_am_i	24	static
../Core/ICM45686/inv_imu_driver.c:76:5:inv_imu_set_accel_mode	24	static
../Core/ICM45686/inv_imu_driver.c:90:5:inv_imu_set_gyro_mode	24	static
../Core/ICM45686/inv_imu_driver.c:104:5:inv_imu_set_accel_frequency	24	static
../Core/ICM45686/inv_imu_driver.c:116:5:inv_imu_set_gyro_frequency	24	static
../Core/ICM45686/inv_imu_driver.c:128:5:inv_imu_set_accel_fsr	24	static
../Core/ICM45686/inv_imu_driver.c:140:5:inv_imu_set_gyro_fsr	24	static
../Core/ICM45686/inv_imu_driver.c:152:5:inv_imu_set_gyro_ln_bw	24	static
../Core/ICM45686/inv_imu_driver.c:164:5:inv_imu_set_gyro_lp_avg	24	static
../Core/ICM45686/inv_imu_driver.c:175:5:inv_imu_set_accel_lp_avg	24	static
../Core/ICM45686/inv_imu_driver.c:187:5:inv_imu_set_accel_ln_bw	24	static
../Core/ICM45686/inv_imu_driver.c:199:5:inv_imu_get_register_data	24	static
../Core/ICM45686/inv_imu_driver.c:226:5:inv_imu_set_fifo_config	32	static
../Core/ICM45686/inv_imu_driver.c:320:5:inv_imu_get_fifo_config	32	static
../Core/ICM45686/inv_imu_driver.c:352:5:inv_imu_flush_fifo	32	static
../Core/ICM45686/inv_imu_driver.c:379:5:inv_imu_get_frame_count	24	static
../Core/ICM45686/inv_imu_driver.c:396:5:inv_imu_get_fifo_frame	48	static
../Core/ICM45686/inv_imu_driver.c:447:5:inv_imu_set_config_int	40	static
../Core/ICM45686/inv_imu_driver.c:489:5:inv_imu_get_config_int	40	static
../Core/ICM45686/inv_imu_driver.c:531:5:inv_imu_set_pin_config_int	40	static
../Core/ICM45686/inv_imu_driver.c:561:5:inv_imu_get_int_status	40	static
../Core/ICM45686/inv_imu_driver.c:602:5:inv_imu_get_endianness	24	static
../Core/ICM45686/inv_imu_driver.c:614:5:inv_imu_select_accel_lp_clk	24	static
../Core/ICM45686/inv_imu_driver.c:626:13:inv_imu_get_version	4	static
